-- MAP OBJECT --

	object_const_def
	const_export BIKESHOP_CLERK
	const_export BIKESHOP_MIDDLE_AGED_WOMAN
	const_export BIKESHOP_YOUNGSTER

BikeShop_Object:
	db $e ; border block

	def_warp_events
	warp_event  2,  7, LAST_MAP, 5
	warp_event  3,  7, LAST_MAP, 5

	def_bg_events

	def_object_events
	object_event  6,  2, SPRITE_BIKE_SHOP_CLERK, STAY, NONE, TEXT_BIKESHOP_CLERK
	object_event  5,  6, SPRITE_MIDDLE_AGED_WOMAN, WALK, UP_DOWN, TEXT_BIKESHOP_MIDDLE_AGED_WOMAN
	object_event  1,  3, SPRITE_YOUNGSTER, STAY, UP, TEXT_BIKESHOP_YOUNGSTER

	def_warps_to BIKE_SHOP


-- MAP HEADER --

	map_header BikeShop, BIKE_SHOP, CLUB, 0
	end_map_header


-- MAP TEXT --

_BikeShopClerkWelcomeText::
	text "Hi! Welcome to"
	line "our BIKE SHOP."

	para "Have we got just"
	line "the BIKE for you!"
	prompt

_BikeShopClerkDoYouLikeItText::
	text "It's a cool BIKE!"
	line "Do you want it?"
	done

_BikeShopCantAffordText::
	text "Sorry! You can't"
	line "afford it!"
	prompt

_BikeShopClerkOhThatsAVoucherText::
	text "Oh, that's..."

	para "A BIKE VOUCHER!"

	para "OK! Here you go!"
	prompt

_BikeShopExchangedVoucherText::
	text "<PLAYER> exchanged"
	line "the BIKE VOUCHER"
	cont "for a BICYCLE.@"
	text_end

_BikeShopComeAgainText::
	text "Come back again"
	line "some time!"
	done

_BikeShopClerkHowDoYouLikeYourBicycleText::
	text "How do you like"
	line "your new BICYCLE?"

	para "You can take it"
	line "on CYCLING ROAD"
	cont "and in caves!"
	done

_BikeShopBagFullText::
	text "You better make"
	line "room for this!"
	done

_BikeShopMiddleAgedWomanText::
	text "A plain city BIKE"
	line "is good enough"
	cont "for me!"

	para "You can't put a"
	line "shopping basket"
	cont "on an MTB!"
	done

_BikeShopYoungsterTheseBikesAreExpensiveText::
	text "These BIKEs are"
	line "cool, but they're"
	cont "way expensive!"
	done

_BikeShopYoungsterCoolBikeText::
	text "Wow. Your BIKE is"
	line "really cool!"
	done


-- MAP SCRIPT --

BikeShop_Script:
	jp EnableAutoTextBoxDrawing

BikeShop_TextPointers:
	def_text_pointers
	dw_const BikeShopClerkText,             TEXT_BIKESHOP_CLERK
	dw_const BikeShopMiddleAgedWomanText,   TEXT_BIKESHOP_MIDDLE_AGED_WOMAN
	dw_const BikeShopYoungsterText,         TEXT_BIKESHOP_YOUNGSTER

BikeShopClerkText:
	text_asm
	CheckEvent EVENT_GOT_BICYCLE
	jr z, .dontHaveBike
	ld hl, BikeShopClerkHowDoYouLikeYourBicycleText
	call PrintText
	jp .Done
.dontHaveBike
	ld b, BIKE_VOUCHER
	call IsItemInBag
	jr z, .dontHaveVoucher
	ld hl, BikeShopClerkOhThatsAVoucherText
	call PrintText
	lb bc, BICYCLE, 1
	call GiveItem
	jr nc, .BagFull
	ld a, BIKE_VOUCHER
	ldh [hItemToRemoveID], a
	farcall RemoveItemByID
	SetEvent EVENT_GOT_BICYCLE
	ld hl, BikeShopExchangedVoucherText
	call PrintText
	jr .Done
.BagFull
	ld hl, BikeShopBagFullText
	call PrintText
	jr .Done
.dontHaveVoucher
	ld hl, BikeShopClerkWelcomeText
	call PrintText
	xor a
	ld [wCurrentMenuItem], a
	ld [wLastMenuItem], a
	ld a, A_BUTTON | B_BUTTON
	ld [wMenuWatchedKeys], a
	ld a, $1
	ld [wMaxMenuItem], a
	ld a, $2
	ld [wTopMenuItemY], a
	ld a, $1
	ld [wTopMenuItemX], a
	ld hl, wd730
	set 6, [hl]
	hlcoord 0, 0
	ld b, 4
	ld c, 15
	call TextBoxBorder
	call UpdateSprites
	hlcoord 2, 2
	ld de, BikeShopMenuText
	call PlaceString
	hlcoord 8, 3
	ld de, BikeShopMenuPrice
	call PlaceString
	ld hl, BikeShopClerkDoYouLikeItText
	call PrintText
	call HandleMenuInput
	bit BIT_B_BUTTON, a
	jr nz, .cancel
	ld hl, wd730
	res 6, [hl]
	ld a, [wCurrentMenuItem]
	and a
	jr nz, .cancel
	ld hl, BikeShopCantAffordText
	call PrintText
.cancel
	ld hl, BikeShopComeAgainText
	call PrintText
.Done
	jp TextScriptEnd

BikeShopMenuText:
	db   "BICYCLE"
	next "CANCEL@"

BikeShopMenuPrice:
	db "¥1000000@"

BikeShopClerkWelcomeText:
	text_far _BikeShopClerkWelcomeText
	text_end

BikeShopClerkDoYouLikeItText:
	text_far _BikeShopClerkDoYouLikeItText
	text_end

BikeShopCantAffordText:
	text_far _BikeShopCantAffordText
	text_end

BikeShopClerkOhThatsAVoucherText:
	text_far _BikeShopClerkOhThatsAVoucherText
	text_end

BikeShopExchangedVoucherText:
	text_far _BikeShopExchangedVoucherText
	sound_get_key_item
	text_end

BikeShopComeAgainText:
	text_far _BikeShopComeAgainText
	text_end

BikeShopClerkHowDoYouLikeYourBicycleText:
	text_far _BikeShopClerkHowDoYouLikeYourBicycleText
	text_end

BikeShopBagFullText:
	text_far _BikeShopBagFullText
	text_end

BikeShopMiddleAgedWomanText:
	text_asm
	ld hl, .Text
	call PrintText
	jp TextScriptEnd

.Text:
	text_far _BikeShopMiddleAgedWomanText
	text_end

BikeShopYoungsterText:
	text_asm
	CheckEvent EVENT_GOT_BICYCLE
	ld hl, .CoolBikeText
	jr nz, .gotBike
	ld hl, .TheseBikesAreExpensiveText
.gotBike
	call PrintText
	jp TextScriptEnd

.TheseBikesAreExpensiveText:
	text_far _BikeShopYoungsterTheseBikesAreExpensiveText
	text_end

.CoolBikeText:
	text_far _BikeShopYoungsterCoolBikeText
	text_end
