-- MAP OBJECT --

	object_const_def
	const_export CELADONCITY_LITTLE_GIRL
	const_export CELADONCITY_GRAMPS1
	const_export CELADONCITY_GIRL
	const_export CELADONCITY_GRAMPS2
	const_export CELADONCITY_GRAMPS3
	const_export CELADONCITY_FISHER
	const_export CELADONCITY_POLIWRATH
	const_export CELADONCITY_ROCKET1
	const_export CELADONCITY_ROCKET2

CeladonCity_Object:
	db $f ; border block

	def_warp_events
	warp_event  8, 13, CELADON_MART_1F, 1
	warp_event 10, 13, CELADON_MART_1F, 3
	warp_event 24,  9, CELADON_MANSION_1F, 1
	warp_event 24,  3, CELADON_MANSION_1F, 3
	warp_event 25,  3, CELADON_MANSION_1F, 3
	warp_event 41,  9, CELADON_POKECENTER, 1
	warp_event 12, 27, CELADON_GYM, 1
	warp_event 28, 19, GAME_CORNER, 1
	warp_event 39, 19, CELADON_MART_5F, 1
	warp_event 33, 19, GAME_CORNER_PRIZE_ROOM, 1
	warp_event 31, 27, CELADON_DINER, 1
	warp_event 35, 27, CELADON_CHIEF_HOUSE, 1
	warp_event 43, 27, CELADON_HOTEL, 1

	def_bg_events
	bg_event 27, 15, TEXT_CELADONCITY_TRAINER_TIPS1
	bg_event 19, 15, TEXT_CELADONCITY_SIGN
	bg_event 42,  9, TEXT_CELADONCITY_POKECENTER_SIGN
	bg_event 13, 29, TEXT_CELADONCITY_GYM_SIGN
	bg_event 21,  9, TEXT_CELADONCITY_MANSION_SIGN
	bg_event 12, 13, TEXT_CELADONCITY_DEPTSTORE_SIGN
	bg_event 39, 21, TEXT_CELADONCITY_TRAINER_TIPS2
	bg_event 33, 21, TEXT_CELADONCITY_PRIZEEXCHANGE_SIGN
	bg_event 27, 21, TEXT_CELADONCITY_GAMECORNER_SIGN

	def_object_events
	object_event  8, 17, SPRITE_LITTLE_GIRL, WALK, ANY_DIR, TEXT_CELADONCITY_LITTLE_GIRL
	object_event 11, 28, SPRITE_GRAMPS, STAY, UP, TEXT_CELADONCITY_GRAMPS1
	object_event 14, 19, SPRITE_GIRL, WALK, UP_DOWN, TEXT_CELADONCITY_GIRL
	object_event 25, 22, SPRITE_GRAMPS, STAY, DOWN, TEXT_CELADONCITY_GRAMPS2
	object_event 22, 16, SPRITE_GRAMPS, STAY, DOWN, TEXT_CELADONCITY_GRAMPS3
	object_event 32, 12, SPRITE_FISHER, STAY, LEFT, TEXT_CELADONCITY_FISHER
	object_event 30, 12, SPRITE_MONSTER, STAY, RIGHT, TEXT_CELADONCITY_POLIWRATH
	object_event 32, 29, SPRITE_ROCKET, WALK, LEFT_RIGHT, TEXT_CELADONCITY_ROCKET1
	object_event 42, 14, SPRITE_ROCKET, WALK, LEFT_RIGHT, TEXT_CELADONCITY_ROCKET2

	def_warps_to CELADON_CITY


-- MAP HEADER --

	map_header CeladonCity, CELADON_CITY, OVERWORLD, WEST | EAST
	connection west, Route16, ROUTE_16, 4
	connection east, Route7, ROUTE_7, 4
	end_map_header


-- MAP TEXT --

_CeladonCityLittleGirlText::
	text "I got my KOFFING"
	line "in CINNABAR!"

	para "It's nice, but it"
	line "breathes poison"
	cont "when it's angry!"
	done

_CeladonCityGramps1Text::
	text "Heheh! This GYM"
	line "is great! It's"
	cont "full of women!"
	done

_CeladonCityGirlText::
	text "The GAME CORNER"
	line "is bad for our"
	cont "city's image!"
	done

_CeladonCityGramps2Text::
	text "Moan! I blew it"
	line "all at the slots!"

	para "I knew I should"
	line "have cashed in my"
	cont "coins for prizes!"
	done

_CeladonCityGramps3Text::
	text "Hello, there!"

	para "I've seen you,"
	line "but I never had a"
	cont "chance to talk!"

	para "Here's a gift for"
	line "dropping by!"
	prompt

_CeladonCityGramps3ReceivedTM41Text::
	text "<PLAYER> received"
	line "@"
	text_ram wStringBuffer
	text "!@"
	text_end

_CeladonCityGramps3TM41ExplanationText::
	text "TM41 teaches"
	line "SOFTBOILED!"

	para "Only one #MON"
	line "can use it!"

	para "That #MON is"
	line "CHANSEY!"
	done

_CeladonCityGramps3TM41NoRoomText::
	text "Oh, your pack is"
	line "full of items!"
	done

_CeladonCityFisherText::
	text "This is my trusted"
	line "pal, POLIWRATH!"

	para "It evolved from"
	line "POLIWHIRL when I"
	cont "used WATER STONE!"
	done

_CeladonCityPoliwrathText::
	text "POLIWRATH: Ribi"
	line "ribit!@"
	text_end

_CeladonCityRocket1Text::
	text "What are you"
	line "staring at?"
	done

_CeladonCityRocket2Text::
	text "Keep out of TEAM"
	line "ROCKET's way!"
	done

_CeladonCityTrainerTips1Text::
	text "TRAINER TIPS"

	para "X ACCURACY boosts"
	line "the accuracy of"
	cont "techniques!"

	para "DIRE HIT jacks up"
	line "the likelihood of"
	cont "critical hits!"

	para "Get your items at"
	line "CELADON DEPT."
	cont "STORE!"
	done

_CeladonCitySignText::
	text "CELADON CITY"
	line "The City of"
	cont "Rainbow Dreams"
	done

_CeladonCityGymSignText::
	text "CELADON CITY"
	line "#MON GYM"
	cont "LEADER: ERIKA"

	para "The Nature Loving"
	line "Princess!"
	done

_CeladonCityMansionSignText::
	text "CELADON MANSION"
	done

_CeladonCityDeptStoreSignText::
	text "Find what you"
	line "need at CELADON"
	cont "DEPT. STORE!"
	done

_CeladonCityTrainerTips2Text::
	text "TRAINER TIPS"

	para "GUARD SPEC."
	line "protects #MON"
	cont "against SPECIAL"
	cont "attacks such as"
	cont "fire and water!"

	para "Get your items at"
	line "CELADON DEPT."
	cont "STORE!"
	done

_CeladonCityPrizeExchangeSignText::
	text "Coins exchanged"
	line "for prizes!"
	cont "PRIZE EXCHANGE"
	done

_CeladonCityGameCornerSignText::
	text "ROCKET GAME CORNER"
	line "The playground"
	cont "for grown-ups!"
	done


-- MAP SCRIPT --

CeladonCity_Script:
	call EnableAutoTextBoxDrawing
	ResetEvents EVENT_1B8, EVENT_1BF
	ResetEvent EVENT_67F
	ret

CeladonCity_TextPointers:
	def_text_pointers
	dw_const CeladonCityLittleGirlText,        TEXT_CELADONCITY_LITTLE_GIRL
	dw_const CeladonCityGramps1Text,           TEXT_CELADONCITY_GRAMPS1
	dw_const CeladonCityGirlText,              TEXT_CELADONCITY_GIRL
	dw_const CeladonCityGramps2Text,           TEXT_CELADONCITY_GRAMPS2
	dw_const CeladonCityGramps3Text,           TEXT_CELADONCITY_GRAMPS3
	dw_const CeladonCityFisherText,            TEXT_CELADONCITY_FISHER
	dw_const CeladonCityPoliwrathText,         TEXT_CELADONCITY_POLIWRATH
	dw_const CeladonCityRocket1Text,           TEXT_CELADONCITY_ROCKET1
	dw_const CeladonCityRocket2Text,           TEXT_CELADONCITY_ROCKET2
	dw_const CeladonCityTrainerTips1Text,      TEXT_CELADONCITY_TRAINER_TIPS1
	dw_const CeladonCitySignText,              TEXT_CELADONCITY_SIGN
	dw_const PokeCenterSignText,               TEXT_CELADONCITY_POKECENTER_SIGN
	dw_const CeladonCityGymSignText,           TEXT_CELADONCITY_GYM_SIGN
	dw_const CeladonCityMansionSignText,       TEXT_CELADONCITY_MANSION_SIGN
	dw_const CeladonCityDeptStoreSignText,     TEXT_CELADONCITY_DEPTSTORE_SIGN
	dw_const CeladonCityTrainerTips2Text,      TEXT_CELADONCITY_TRAINER_TIPS2
	dw_const CeladonCityPrizeExchangeSignText, TEXT_CELADONCITY_PRIZEEXCHANGE_SIGN
	dw_const CeladonCityGameCornerSignText,    TEXT_CELADONCITY_GAMECORNER_SIGN

CeladonCityLittleGirlText:
	text_far _CeladonCityLittleGirlText
	text_end

CeladonCityGramps1Text:
	text_far _CeladonCityGramps1Text
	text_end

CeladonCityGirlText:
	text_far _CeladonCityGirlText
	text_end

CeladonCityGramps2Text:
	text_far _CeladonCityGramps2Text
	text_end

CeladonCityGramps3Text:
	text_asm
	CheckEvent EVENT_GOT_TM41
	jr nz, .gotTM41
	ld hl, .Text
	call PrintText
	lb bc, TM_SOFTBOILED, 1
	call GiveItem
	jr c, .Success
	ld hl, .TM41NoRoomText
	call PrintText
	jr .Done
.Success
	ld hl, .ReceivedTM41Text
	call PrintText
	SetEvent EVENT_GOT_TM41
	jr .Done
.gotTM41
	ld hl, .TM41ExplanationText
	call PrintText
.Done
	jp TextScriptEnd

.Text:
	text_far _CeladonCityGramps3Text
	text_end

.ReceivedTM41Text:
	text_far _CeladonCityGramps3ReceivedTM41Text
	sound_get_item_1
	text_end

.TM41ExplanationText:
	text_far _CeladonCityGramps3TM41ExplanationText
	text_end

.TM41NoRoomText:
	text_far _CeladonCityGramps3TM41NoRoomText
	text_end

CeladonCityFisherText:
	text_far _CeladonCityFisherText
	text_end

CeladonCityPoliwrathText:
	text_far _CeladonCityPoliwrathText
	text_asm
	ld a, POLIWRATH
	call PlayCry
	jp TextScriptEnd

CeladonCityRocket1Text:
	text_far _CeladonCityRocket1Text
	text_end

CeladonCityRocket2Text:
	text_far _CeladonCityRocket2Text
	text_end

CeladonCityTrainerTips1Text:
	text_far _CeladonCityTrainerTips1Text
	text_end

CeladonCitySignText:
	text_far _CeladonCitySignText
	text_end

CeladonCityGymSignText:
	text_far _CeladonCityGymSignText
	text_end

CeladonCityMansionSignText:
	text_far _CeladonCityMansionSignText
	text_end

CeladonCityDeptStoreSignText:
	text_far _CeladonCityDeptStoreSignText
	text_end

CeladonCityTrainerTips2Text:
	text_far _CeladonCityTrainerTips2Text
	text_end

CeladonCityPrizeExchangeSignText:
	text_far _CeladonCityPrizeExchangeSignText
	text_end

CeladonCityGameCornerSignText:
	text_far _CeladonCityGameCornerSignText
	text_end
