-- MAP OBJECT --

	object_const_def
	const_export CERULEANCAVEB1F_MEWTWO
	const_export CERULEANCAVEB1F_ULTRA_BALL
	const_export CERULEANCAVEB1F_MAX_REVIVE

CeruleanCaveB1F_Object:
	db $7d ; border block

	def_warp_events
	warp_event  3,  6, CERULEAN_CAVE_1F, 9

	def_bg_events

	def_object_events
	object_event 27, 13, SPRITE_MONSTER, STAY, DOWN, TEXT_CERULEANCAVEB1F_MEWTWO, MEWTWO, 70
	object_event 16,  9, SPRITE_POKE_BALL, STAY, NONE, TEXT_CERULEANCAVEB1F_ULTRA_BALL, ULTRA_BALL
	object_event 18,  1, SPRITE_POKE_BALL, STAY, NONE, TEXT_CERULEANCAVEB1F_MAX_REVIVE, MAX_REVIVE

	def_warps_to CERULEAN_CAVE_B1F


-- MAP HEADER --

	map_header CeruleanCaveB1F, CERULEAN_CAVE_B1F, CAVERN, 0
	end_map_header


-- MAP TEXT --

_MewtwoBattleText::
	text "Mew!@"
	text_end


-- MAP SCRIPT --

CeruleanCaveB1F_Script:
	call EnableAutoTextBoxDrawing
	ld hl, CeruleanCaveB1FTrainerHeaders
	ld de, CeruleanCaveB1F_ScriptPointers
	ld a, [wCeruleanCaveB1FCurScript]
	call ExecuteCurMapScriptInTable
	ld [wCeruleanCaveB1FCurScript], a
	ret

CeruleanCaveB1F_ScriptPointers:
	def_script_pointers
	dw_const CheckFightingMapTrainers,              SCRIPT_CERULEANCAVEB1F_DEFAULT
	dw_const DisplayEnemyTrainerTextAndStartBattle, SCRIPT_CERULEANCAVEB1F_START_BATTLE
	dw_const EndTrainerBattle,                      SCRIPT_CERULEANCAVEB1F_END_BATTLE

CeruleanCaveB1F_TextPointers:
	def_text_pointers
	dw_const CeruleanCaveB1FMewtwoText, TEXT_CERULEANCAVEB1F_MEWTWO
	dw_const PickUpItemText,            TEXT_CERULEANCAVEB1F_ULTRA_BALL
	dw_const PickUpItemText,            TEXT_CERULEANCAVEB1F_MAX_REVIVE

CeruleanCaveB1FTrainerHeaders:
	def_trainers
MewtwoTrainerHeader:
	trainer EVENT_BEAT_MEWTWO, 0, MewtwoBattleText, MewtwoBattleText, MewtwoBattleText
	db -1 ; end

CeruleanCaveB1FMewtwoText:
	text_asm
	ld hl, MewtwoTrainerHeader
	call TalkToTrainer
	jp TextScriptEnd

MewtwoBattleText:
	text_far _MewtwoBattleText
	text_asm
	ld a, MEWTWO
	call PlayCry
	call WaitForSoundToFinish
	jp TextScriptEnd
