-- MAP OBJECT --

	object_const_def
	const_export CINNABARLAB_FISHING_GURU

CinnabarLab_Object:
	db $17 ; border block

	def_warp_events
	warp_event  2,  7, LAST_MAP, 3
	warp_event  3,  7, LAST_MAP, 3
	warp_event  8,  4, CINNABAR_LAB_TRADE_ROOM, 1
	warp_event 12,  4, CINNABAR_LAB_METRONOME_ROOM, 1
	warp_event 16,  4, CINNABAR_LAB_FOSSIL_ROOM, 1

	def_bg_events
	bg_event  3,  2, TEXT_CINNABARLAB_PHOTO
	bg_event  9,  4, TEXT_CINNABARLAB_MEETING_ROOM_SIGN
	bg_event 13,  4, TEXT_CINNABARLAB_R_AND_D_SIGN
	bg_event 17,  4, TEXT_CINNABARLAB_TESTING_ROOM_SIGN

	def_object_events
	object_event  1,  3, SPRITE_FISHING_GURU, STAY, NONE, TEXT_CINNABARLAB_FISHING_GURU

	def_warps_to CINNABAR_LAB


-- MAP HEADER --

	map_header CinnabarLab, CINNABAR_LAB, LAB, 0
	end_map_header


-- MAP TEXT --

_CinnabarLabFishingGuruText::
	text "We study #MON"
	line "extensively here."

	para "People often bring"
	line "us rare #MON"
	cont "for examination."
	done

_CinnabarLabPhotoText::
	text "A photo of the"
	line "LAB's founder,"
	cont "DR.FUJI!"
	done

_CinnabarLabMeetingRoomSignText::
	text "#MON LAB"
	line "Meeting Room"
	done

_CinnabarLabRAndDSignText::
	text "#MON LAB"
	line "R-and-D Room"
	done

_CinnabarLabTestingRoomSignText::
	text "#MON LAB"
	line "Testing Room"
	done


-- MAP SCRIPT --

CinnabarLab_Script:
	call EnableAutoTextBoxDrawing
	ret

CinnabarLab_TextPointers:
	def_text_pointers
	dw_const CinnabarLabFishingGuruText,     TEXT_CINNABARLAB_FISHING_GURU
	dw_const CinnabarLabPhotoText,           TEXT_CINNABARLAB_PHOTO
	dw_const CinnabarLabMeetingRoomSignText, TEXT_CINNABARLAB_MEETING_ROOM_SIGN
	dw_const CinnabarLabRAndDSignText,       TEXT_CINNABARLAB_R_AND_D_SIGN
	dw_const CinnabarLabTestingRoomSignText, TEXT_CINNABARLAB_TESTING_ROOM_SIGN

CinnabarLabFishingGuruText:
	text_far _CinnabarLabFishingGuruText
	text_end

CinnabarLabPhotoText:
	text_far _CinnabarLabPhotoText
	text_end

CinnabarLabMeetingRoomSignText:
	text_far _CinnabarLabMeetingRoomSignText
	text_end

CinnabarLabRAndDSignText:
	text_far _CinnabarLabRAndDSignText
	text_end

CinnabarLabTestingRoomSignText:
	text_far _CinnabarLabTestingRoomSignText
	text_end
