-- MAP OBJECT --

	object_const_def
	const_export DIGLETTSCAVEROUTE11_GAMBLER

DiglettsCaveRoute11_Object:
	db $7d ; border block

	def_warp_events
	warp_event  2,  7, LAST_MAP, 5
	warp_event  3,  7, LAST_MAP, 5
	warp_event  4,  4, DIGLETTS_CAVE, 2

	def_bg_events

	def_object_events
	object_event  2,  3, SPRITE_GAMBLER, STAY, NONE, TEXT_DIGLETTSCAVEROUTE11_GAMBLER

	def_warps_to DIGLETTS_CAVE_ROUTE_11


-- MAP HEADER --

	map_header DiglettsCaveRoute11, DIGLETTS_CAVE_ROUTE_11, CAVERN, 0
	end_map_header


-- MAP TEXT --

_DiglettsCaveRoute11GamblerText::
	text "What a surprise!"
	line "DIGLETTs dug this"
	cont "long tunnel!"

	para "It goes right to"
	line "VIRIDIAN CITY!"
	done


-- MAP SCRIPT --

DiglettsCaveRoute11_Script:
	call EnableAutoTextBoxDrawing
	ld a, ROUTE_11
	ld [wLastMap], a
	ret

DiglettsCaveRoute11_TextPointers:
	def_text_pointers
	dw_const DiglettsCaveRoute11GamblerText, TEXT_DIGLETTSCAVEROUTE11_GAMBLER

DiglettsCaveRoute11GamblerText:
	text_far _DiglettsCaveRoute11GamblerText
	text_end
