-- MAP OBJECT --

	object_const_def
	const_export FUCHSIAPOKECENTER_NURSE
	const_export FUCHSIAPOKECENTER_ROCKER
	const_export FUCHSIAPOKECENTER_COOLTRAINER_F
	const_export FUCHSIAPOKECENTER_LINK_RECEPTIONIST

FuchsiaPokecenter_Object:
	db $0 ; border block

	def_warp_events
	warp_event  3,  7, LAST_MAP, 3
	warp_event  4,  7, LAST_MAP, 3

	def_bg_events

	def_object_events
	object_event  3,  1, SPRITE_NURSE, STAY, DOWN, TEXT_FUCHSIAPOKECENTER_NURSE
	object_event  2,  3, SPRITE_ROCKER, STAY, NONE, TEXT_FUCHSIAPOKECENTER_ROCKER
	object_event  6,  5, SPRITE_COOLTRAINER_F, WALK, LEFT_RIGHT, TEXT_FUCHSIAPOKECENTER_COOLTRAINER_F
	object_event 11,  2, SPRITE_LINK_RECEPTIONIST, STAY, DOWN, TEXT_FUCHSIAPOKECENTER_LINK_RECEPTIONIST

	def_warps_to FUCHSIA_POKECENTER


-- MAP HEADER --

	map_header FuchsiaPokecenter, FUCHSIA_POKECENTER, POKECENTER, 0
	end_map_header


-- MAP TEXT --

_FuchsiaPokecenterRockerText::
	text "You can't win"
	line "with just one"
	cont "strong #MON."

	para "It's tough, but"
	line "you have to raise"
	cont "them evenly."
	done

_FuchsiaPokecenterCooltrainerFText::
	text "There's a narrow"
	line "trail west of"
	cont "VIRIDIAN CITY."

	para "It goes to #MON"
	line "LEAGUE HQ."
	cont "The HQ governs"
	cont "all trainers."
	done


-- MAP SCRIPT --

FuchsiaPokecenter_Script:
	call Serial_TryEstablishingExternallyClockedConnection
	jp EnableAutoTextBoxDrawing

FuchsiaPokecenter_TextPointers:
	def_text_pointers
	dw_const FuchsiaPokecenterNurseText,            TEXT_FUCHSIAPOKECENTER_NURSE
	dw_const FuchsiaPokecenterRockerText,           TEXT_FUCHSIAPOKECENTER_ROCKER
	dw_const FuchsiaPokecenterCooltrainerFText,     TEXT_FUCHSIAPOKECENTER_COOLTRAINER_F
	dw_const FuchsiaPokecenterLinkReceptionistText, TEXT_FUCHSIAPOKECENTER_LINK_RECEPTIONIST

FuchsiaPokecenterNurseText:
	script_pokecenter_nurse

FuchsiaPokecenterRockerText:
	text_far _FuchsiaPokecenterRockerText
	text_end

FuchsiaPokecenterCooltrainerFText:
	text_far _FuchsiaPokecenterCooltrainerFText
	text_end

FuchsiaPokecenterLinkReceptionistText:
	script_cable_club_receptionist
