-- MAP OBJECT --

	object_const_def
	const_export LAVENDERMART_CLERK
	const_export LAVENDERMART_BALDING_GUY
	const_export LAVENDERMART_COOLTRAINER_M

LavenderMart_Object:
	db $0 ; border block

	def_warp_events
	warp_event  3,  7, LAST_MAP, 4
	warp_event  4,  7, LAST_MAP, 4

	def_bg_events

	def_object_events
	object_event  0,  5, SPRITE_CLERK, STAY, RIGHT, TEXT_LAVENDERMART_CLERK
	object_event  3,  4, SPRITE_BALDING_GUY, STAY, NONE, TEXT_LAVENDERMART_BALDING_GUY
	object_event  7,  2, SPRITE_COOLTRAINER_M, STAY, NONE, TEXT_LAVENDERMART_COOLTRAINER_M

	def_warps_to LAVENDER_MART


-- MAP HEADER --

	map_header LavenderMart, LAVENDER_MART, MART, 0
	end_map_header


-- MAP TEXT --

_LavenderMartBaldingGuyText::
	text "I'm searching for"
	line "items that raise"
	cont "the abilities of"
	cont "#MON during a"
	cont "single battle."

	para "X ATTACK, X"
	line "DEFEND, X SPEED"
	cont "and X SPECIAL are"
	cont "what I'm after."

	para "Do you know where"
	line "I can get them?"
	done

_LavenderMartCooltrainerMReviveText::
	text "You know REVIVE?"
	line "It revives any"
	cont "fainted #MON!"
	done

_LavenderMartCooltrainerMNuggetText::
	text "I found a NUGGET"
	line "in the mountains."

	para "I thought it was"
	line "useless, but it"
	cont "sold for ¥5000!"
	done


-- MAP SCRIPT --

LavenderMart_Script:
	jp EnableAutoTextBoxDrawing

LavenderMart_TextPointers:
	def_text_pointers
	dw_const LavenderMartClerkText,        TEXT_LAVENDERMART_CLERK
	dw_const LavenderMartBaldingGuyText,   TEXT_LAVENDERMART_BALDING_GUY
	dw_const LavenderMartCooltrainerMText, TEXT_LAVENDERMART_COOLTRAINER_M

LavenderMartBaldingGuyText:
	text_far _LavenderMartBaldingGuyText
	text_end

LavenderMartCooltrainerMText:
	text_asm
	CheckEvent EVENT_RESCUED_MR_FUJI
	jr nz, .Nugget
	ld hl, .ReviveText
	call PrintText
	jr .done
.Nugget
	ld hl, .NuggetText
	call PrintText
.done
	jp TextScriptEnd

.ReviveText
	text_far _LavenderMartCooltrainerMReviveText
	text_end

.NuggetText
	text_far _LavenderMartCooltrainerMNuggetText
	text_end
