-- MAP OBJECT --

	object_const_def
	const_export MUSEUM2F_YOUNGSTER
	const_export MUSEUM2F_GRAMPS
	const_export MUSEUM2F_SCIENTIST
	const_export MUSEUM2F_BRUNETTE_GIRL
	const_export MUSEUM2F_HIKER

Museum2F_Object:
	db $a ; border block

	def_warp_events
	warp_event  7,  7, MUSEUM_1F, 5

	def_bg_events
	bg_event 11,  2, TEXT_MUSEUM2F_SPACE_SHUTTLE_SIGN
	bg_event  2,  5, TEXT_MUSEUM2F_MOON_STONE_SIGN

	def_object_events
	object_event  1,  7, SPRITE_YOUNGSTER, WALK, LEFT_RIGHT, TEXT_MUSEUM2F_YOUNGSTER
	object_event  0,  5, SPRITE_GRAMPS, STAY, DOWN, TEXT_MUSEUM2F_GRAMPS
	object_event  7,  5, SPRITE_SCIENTIST, STAY, DOWN, TEXT_MUSEUM2F_SCIENTIST
	object_event 11,  5, SPRITE_BRUNETTE_GIRL, STAY, NONE, TEXT_MUSEUM2F_BRUNETTE_GIRL
	object_event 12,  5, SPRITE_HIKER, STAY, DOWN, TEXT_MUSEUM2F_HIKER

	def_warps_to MUSEUM_2F


-- MAP HEADER --

	map_header Museum2F, MUSEUM_2F, MUSEUM, 0
	end_map_header


-- MAP TEXT --

_Museum2FYoungsterText::
	text "MOON STONE?"

	para "What's so special"
	line "about it?"
	done

_Museum2FGrampsText::
	text "July 20, 1969!"

	para "The 1st lunar"
	line "landing!"

	para "I bought a color"
	line "TV to watch it!"
	done

_Museum2FScientistText::
	text "We have a space"
	line "exhibit now."
	done

_Museum2FBrunetteGirlText::
	text "I want a PIKACHU!"
	line "It's so cute!"

	para "I asked my Daddy"
	line "to catch me one!"
	done

_Museum2FHikerText::
	text "Yeah, a PIKACHU"
	line "soon, I promise!"
	done

_Museum2FSpaceShuttleSignText::
	text "SPACE SHUTTLE"
	line "COLUMBIA"
	done

_Museum2FMoonStoneSignText::
	text "Meteorite that"
	line "fell on MT.MOON."
	cont "(MOON STONE?)"
	done


-- MAP SCRIPT --

Museum2F_Script:
	jp EnableAutoTextBoxDrawing

Museum2F_TextPointers:
	def_text_pointers
	dw_const Museum2FYoungsterText,        TEXT_MUSEUM2F_YOUNGSTER
	dw_const Museum2FGrampsText,           TEXT_MUSEUM2F_GRAMPS
	dw_const Museum2FScientistText,        TEXT_MUSEUM2F_SCIENTIST
	dw_const Museum2FBrunetteGirlText,     TEXT_MUSEUM2F_BRUNETTE_GIRL
	dw_const Museum2FHikerText,            TEXT_MUSEUM2F_HIKER
	dw_const Museum2FSpaceShuttleSignText, TEXT_MUSEUM2F_SPACE_SHUTTLE_SIGN
	dw_const Museum2FMoonStoneSignText,    TEXT_MUSEUM2F_MOON_STONE_SIGN

Museum2FYoungsterText:
	text_far _Museum2FYoungsterText
	text_end

Museum2FGrampsText:
	text_far _Museum2FGrampsText
	text_end

Museum2FScientistText:
	text_far _Museum2FScientistText
	text_end

Museum2FBrunetteGirlText:
	text_far _Museum2FBrunetteGirlText
	text_end

Museum2FHikerText:
	text_far _Museum2FHikerText
	text_end

Museum2FSpaceShuttleSignText:
	text_far _Museum2FSpaceShuttleSignText
	text_end

Museum2FMoonStoneSignText:
	text_far _Museum2FMoonStoneSignText
	text_end
