-- MAP OBJECT --

	object_const_def
	const_export POKEMONTOWER4F_CHANNELER1
	const_export POKEMONTOWER4F_CHANNELER2
	const_export POKEMONTOWER4F_CHANNELER3
	const_export POKEMONTOWER4F_ELIXER
	const_export POKEMONTOWER4F_AWAKENING
	const_export POKEMONTOWER4F_HP_UP

PokemonTower4F_Object:
	db $1 ; border block

	def_warp_events
	warp_event  3,  9, POKEMON_TOWER_5F, 1
	warp_event 18,  9, POKEMON_TOWER_3F, 2

	def_bg_events

	def_object_events
	object_event  5, 10, SPRITE_CHANNELER, STAY, RIGHT, TEXT_POKEMONTOWER4F_CHANNELER1, OPP_CHANNELER, 9
	object_event 15,  7, SPRITE_CHANNELER, STAY, DOWN, TEXT_POKEMONTOWER4F_CHANNELER2, OPP_CHANNELER, 10
	object_event 14, 12, SPRITE_CHANNELER, STAY, LEFT, TEXT_POKEMONTOWER4F_CHANNELER3, OPP_CHANNELER, 12
	object_event 12, 10, SPRITE_POKE_BALL, STAY, NONE, TEXT_POKEMONTOWER4F_ELIXER, ELIXER
	object_event  9, 10, SPRITE_POKE_BALL, STAY, NONE, TEXT_POKEMONTOWER4F_AWAKENING, AWAKENING
	object_event 12, 16, SPRITE_POKE_BALL, STAY, NONE, TEXT_POKEMONTOWER4F_HP_UP, HP_UP

	def_warps_to POKEMON_TOWER_4F


-- MAP HEADER --

	map_header PokemonTower4F, POKEMON_TOWER_4F, CEMETERY, 0
	end_map_header


-- MAP TEXT --

_PokemonTower4FChanneler1BattleText::
	text "GHOST! No!"
	line "Kwaaah!"
	done

_PokemonTower4FChanneler1EndBattleText::
	text "Where"
	line "is the GHOST?"
	prompt

_PokemonTower4FChanneler1AfterBattleText::
	text "I must have been"
	line "dreaming..."
	done

_PokemonTower4FChanneler2BattleText::
	text "Be cursed with"
	line "me! Kwaaah!"
	done

_PokemonTower4FChanneler2EndBattleText::
	text "What!"
	prompt

_PokemonTower4FChanneler2AfterBattleText::
	text "We can't crack"
	line "the identity of"
	cont "the GHOSTs."
	done

_PokemonTower4FChanneler3BattleText::
	text "Huhuhu..."
	line "Beat me not!"
	done

_PokemonTower4FChanneler3EndBattleText::
	text "Huh?"
	line "Who? What?"
	prompt

_PokemonTower4FChanneler3AfterBattleText::
	text "May the departed"
	line "souls of #MON"
	cont "rest in peace..."
	done


-- MAP SCRIPT --

PokemonTower4F_Script:
	call EnableAutoTextBoxDrawing
	ld hl, PokemonTower4TrainerHeaders
	ld de, PokemonTower4F_ScriptPointers
	ld a, [wPokemonTower4FCurScript]
	call ExecuteCurMapScriptInTable
	ld [wPokemonTower4FCurScript], a
	ret

PokemonTower4F_ScriptPointers:
	def_script_pointers
	dw_const CheckFightingMapTrainers,              SCRIPT_POKEMONTOWER4F_DEFAULT
	dw_const DisplayEnemyTrainerTextAndStartBattle, SCRIPT_POKEMONTOWER4F_START_BATTLE
	dw_const EndTrainerBattle,                      SCRIPT_POKEMONTOWER4F_END_BATTLE

PokemonTower4F_TextPointers:
	def_text_pointers
	dw_const PokemonTower4FChanneler1Text, TEXT_POKEMONTOWER4F_CHANNELER1
	dw_const PokemonTower4FChanneler2Text, TEXT_POKEMONTOWER4F_CHANNELER2
	dw_const PokemonTower4FChanneler3Text, TEXT_POKEMONTOWER4F_CHANNELER3
	dw_const PickUpItemText,               TEXT_POKEMONTOWER4F_ELIXER
	dw_const PickUpItemText,               TEXT_POKEMONTOWER4F_AWAKENING
	dw_const PickUpItemText,               TEXT_POKEMONTOWER4F_HP_UP

PokemonTower4TrainerHeaders:
	def_trainers
PokemonTower4TrainerHeader0:
	trainer EVENT_BEAT_POKEMONTOWER_4_TRAINER_0, 2, PokemonTower4FChanneler1BattleText, PokemonTower4FChanneler1EndBattleText, PokemonTower4FChanneler1AfterBattleText
PokemonTower4TrainerHeader1:
	trainer EVENT_BEAT_POKEMONTOWER_4_TRAINER_1, 2, PokemonTower4FChanneler2BattleText, PokemonTower4FChanneler2EndBattleText, PokemonTower4FChanneler2AfterBattleText
PokemonTower4TrainerHeader2:
	trainer EVENT_BEAT_POKEMONTOWER_4_TRAINER_2, 2, PokemonTower4FChanneler3BattleText, PokemonTower4FChanneler3EndBattleText, PokemonTower4FChanneler3AfterBattleText
	db -1 ; end

PokemonTower4FChanneler1Text:
	text_asm
	ld hl, PokemonTower4TrainerHeader0
	call TalkToTrainer
	jp TextScriptEnd

PokemonTower4FChanneler2Text:
	text_asm
	ld hl, PokemonTower4TrainerHeader1
	call TalkToTrainer
	jp TextScriptEnd

PokemonTower4FChanneler3Text:
	text_asm
	ld hl, PokemonTower4TrainerHeader2
	call TalkToTrainer
	jp TextScriptEnd

PokemonTower4FChanneler1BattleText:
	text_far _PokemonTower4FChanneler1BattleText
	text_end

PokemonTower4FChanneler1EndBattleText:
	text_far _PokemonTower4FChanneler1EndBattleText
	text_end

PokemonTower4FChanneler1AfterBattleText:
	text_far _PokemonTower4FChanneler1AfterBattleText
	text_end

PokemonTower4FChanneler2BattleText:
	text_far _PokemonTower4FChanneler2BattleText
	text_end

PokemonTower4FChanneler2EndBattleText:
	text_far _PokemonTower4FChanneler2EndBattleText
	text_end

PokemonTower4FChanneler2AfterBattleText:
	text_far _PokemonTower4FChanneler2AfterBattleText
	text_end

PokemonTower4FChanneler3BattleText:
	text_far _PokemonTower4FChanneler3BattleText
	text_end

PokemonTower4FChanneler3EndBattleText:
	text_far _PokemonTower4FChanneler3EndBattleText
	text_end

PokemonTower4FChanneler3AfterBattleText:
	text_far _PokemonTower4FChanneler3AfterBattleText
	text_end
