-- MAP OBJECT --

	object_const_def
	const_export POKEMONTOWER1F_RECEPTIONIST
	const_export POKEMONTOWER1F_MIDDLE_AGED_WOMAN
	const_export POKEMONTOWER1F_BALDING_GUY
	const_export POKEMONTOWER1F_GIRL
	const_export POKEMONTOWER1F_CHANNELER

PokemonTower1F_Object:
	db $1 ; border block

	def_warp_events
	warp_event 10, 17, LAST_MAP, 2
	warp_event 11, 17, LAST_MAP, 2
	warp_event 18,  9, POKEMON_TOWER_2F, 2

	def_bg_events

	def_object_events
	object_event 15, 13, SPRITE_LINK_RECEPTIONIST, STAY, UP, TEXT_POKEMONTOWER1F_RECEPTIONIST
	object_event  6,  8, SPRITE_MIDDLE_AGED_WOMAN, STAY, NONE, TEXT_POKEMONTOWER1F_MIDDLE_AGED_WOMAN
	object_event  8, 12, SPRITE_BALDING_GUY, STAY, NONE, TEXT_POKEMONTOWER1F_BALDING_GUY
	object_event 13,  7, SPRITE_GIRL, STAY, NONE, TEXT_POKEMONTOWER1F_GIRL
	object_event 17,  7, SPRITE_CHANNELER, STAY, LEFT, TEXT_POKEMONTOWER1F_CHANNELER

	def_warps_to POKEMON_TOWER_1F


-- MAP HEADER --

	map_header PokemonTower1F, POKEMON_TOWER_1F, CEMETERY, 0
	end_map_header


-- MAP TEXT --

_PokemonTower1FReceptionistText::
	text "#MON TOWER was"
	line "erected in the"
	cont "memory of #MON"
	cont "that had died."
	done

_PokemonTower1FMiddleAgedWomanText::
	text "Did you come to"
	line "pay respects?"
	cont "Bless you!"
	done

_PokemonTower1FBaldingGuyText::
	text "I came to pray"
	line "for my CLEFAIRY."

	para "Sniff! I can't"
	line "stop crying..."
	done

_PokemonTower1FGirlText::
	text "My GROWLITHE..."
	line "Why did you die?"
	done

_PokemonTower1FChannelerText::
	text "I am a CHANNELER!"
	line "There are spirits"
	cont "up to mischief!"
	done


-- MAP SCRIPT --

PokemonTower1F_Script:
	jp EnableAutoTextBoxDrawing

PokemonTower1F_TextPointers:
	def_text_pointers
	dw_const PokemonTower1FReceptionistText,    TEXT_POKEMONTOWER1F_RECEPTIONIST
	dw_const PokemonTower1FMiddleAgedWomanText, TEXT_POKEMONTOWER1F_MIDDLE_AGED_WOMAN
	dw_const PokemonTower1FBaldingGuyText,      TEXT_POKEMONTOWER1F_BALDING_GUY
	dw_const PokemonTower1FGirlText,            TEXT_POKEMONTOWER1F_GIRL
	dw_const PokemonTower1FChannelerText,       TEXT_POKEMONTOWER1F_CHANNELER

PokemonTower1FReceptionistText:
	text_far _PokemonTower1FReceptionistText
	text_end

PokemonTower1FMiddleAgedWomanText:
	text_far _PokemonTower1FMiddleAgedWomanText
	text_end

PokemonTower1FBaldingGuyText:
	text_far _PokemonTower1FBaldingGuyText
	text_end

PokemonTower1FGirlText:
	text_far _PokemonTower1FGirlText
	text_end

PokemonTower1FChannelerText:
	text_far _PokemonTower1FChannelerText
	text_end
