-- MAP OBJECT --

	object_const_def
	const_export REDSHOUSE1F_MOM

RedsHouse1F_Object:
	db $a ; border block

	def_warp_events
	warp_event  2,  7, LAST_MAP, 1
	warp_event  3,  7, LAST_MAP, 1
	warp_event  7,  1, REDS_HOUSE_2F, 1

	def_bg_events
	bg_event  3,  1, TEXT_REDSHOUSE1F_TV

	def_object_events
	object_event  5,  4, SPRITE_MOM, STAY, LEFT, TEXT_REDSHOUSE1F_MOM

	def_warps_to REDS_HOUSE_1F


-- MAP HEADER --

	map_header RedsHouse1F, REDS_HOUSE_1F, REDS_HOUSE_1, 0
	end_map_header


-- MAP TEXT --

_RedsHouse1FMomWakeUpText::
	text "MOM: Right."
	line "All boys leave"
	cont "home some day."
	cont "It said so on TV."

	para "PROF.OAK, next"
	line "door, is looking"
	cont "for you."
	done

_RedsHouse1FMomYouShouldRestText::
	text "MOM: <PLAYER>!"
	line "You should take a"
	cont "quick rest."
	prompt

_RedsHouse1FMomLookingGreatText::
	text "MOM: Oh good!"
	line "You and your"
	cont "#MON are"
	cont "looking great!"
	cont "Take care now!"
	done

_RedsHouse1FTVStandByMeMovieText::
	text "There's a movie"
	line "on TV. Four boys"
	cont "are walking on"
	cont "railroad tracks."

	para "I better go too."
	done

_RedsHouse1FTVWrongSideText::
	text "Oops, wrong side."
	done


-- MAP SCRIPT --

RedsHouse1F_Script:
	jp EnableAutoTextBoxDrawing

RedsHouse1F_TextPointers:
	def_text_pointers
	dw_const RedsHouse1FMomText, TEXT_REDSHOUSE1F_MOM
	dw_const RedsHouse1FTVText,  TEXT_REDSHOUSE1F_TV

RedsHouse1FMomText:
	text_asm
	ld a, [wd72e]
	bit 3, a ; received a Pokémon from Oak?
	jr nz, .heal
	ld hl, .WakeUpText
	call PrintText
	jr .done
.heal
	call RedsHouse1FMomHealScript
.done
	jp TextScriptEnd

.WakeUpText:
	text_far _RedsHouse1FMomWakeUpText
	text_end

RedsHouse1FMomHealScript:
	ld hl, RedsHouse1FMomYouShouldRestText
	call PrintText
	call GBFadeOutToWhite
	call ReloadMapData
	predef HealParty
	ld a, MUSIC_PKMN_HEALED
	ld [wNewSoundID], a
	call PlaySound
.next
	ld a, [wChannelSoundIDs]
	cp MUSIC_PKMN_HEALED
	jr z, .next
	ld a, [wMapMusicSoundID]
	ld [wNewSoundID], a
	call PlaySound
	call GBFadeInFromWhite
	ld hl, RedsHouse1FMomLookingGreatText
	jp PrintText

RedsHouse1FMomYouShouldRestText:
	text_far _RedsHouse1FMomYouShouldRestText
	text_end
RedsHouse1FMomLookingGreatText:
	text_far _RedsHouse1FMomLookingGreatText
	text_end

RedsHouse1FTVText:
	text_asm
	ld a, [wSpritePlayerStateData1FacingDirection]
	cp SPRITE_FACING_UP
	ld hl, .WrongSideText
	jr nz, .got_text
	ld hl, .StandByMeMovieText
.got_text
	call PrintText
	jp TextScriptEnd

.StandByMeMovieText:
	text_far _RedsHouse1FTVStandByMeMovieText
	text_end

.WrongSideText:
	text_far _RedsHouse1FTVWrongSideText
	text_end
