-- MAP OBJECT --

	object_const_def
	const_export ROUTE13_COOLTRAINER_M1
	const_export ROUTE13_COOLTRAINER_F1
	const_export ROUTE13_COOLTRAINER_F2
	const_export ROUTE13_COOLTRAINER_F3
	const_export ROUTE13_COOLTRAINER_F4
	const_export ROUTE13_COOLTRAINER_M2
	const_export ROUTE13_BEAUTY1
	const_export ROUTE13_BEAUTY2
	const_export ROUTE13_BIKER
	const_export ROUTE13_COOLTRAINER_M3

Route13_Object:
	db $43 ; border block

	def_warp_events

	def_bg_events
	bg_event 15, 13, TEXT_ROUTE13_TRAINER_TIPS1
	bg_event 33,  5, TEXT_ROUTE13_TRAINER_TIPS2
	bg_event 31, 11, TEXT_ROUTE13_SIGN

	def_object_events
	object_event 49, 10, SPRITE_COOLTRAINER_M, STAY, RIGHT, TEXT_ROUTE13_COOLTRAINER_M1, OPP_BIRD_KEEPER, 1
	object_event 48, 10, SPRITE_COOLTRAINER_F, STAY, DOWN, TEXT_ROUTE13_COOLTRAINER_F1, OPP_JR_TRAINER_F, 12
	object_event 27,  9, SPRITE_COOLTRAINER_F, STAY, DOWN, TEXT_ROUTE13_COOLTRAINER_F2, OPP_JR_TRAINER_F, 13
	object_event 23, 10, SPRITE_COOLTRAINER_F, STAY, LEFT, TEXT_ROUTE13_COOLTRAINER_F3, OPP_JR_TRAINER_F, 14
	object_event 50,  5, SPRITE_COOLTRAINER_F, STAY, DOWN, TEXT_ROUTE13_COOLTRAINER_F4, OPP_JR_TRAINER_F, 15
	object_event 12,  4, SPRITE_COOLTRAINER_M, STAY, RIGHT, TEXT_ROUTE13_COOLTRAINER_M2, OPP_BIRD_KEEPER, 2
	object_event 33,  6, SPRITE_BEAUTY, STAY, DOWN, TEXT_ROUTE13_BEAUTY1, OPP_BEAUTY, 4
	object_event 32,  6, SPRITE_BEAUTY, STAY, DOWN, TEXT_ROUTE13_BEAUTY2, OPP_BEAUTY, 5
	object_event 10,  7, SPRITE_BIKER, STAY, UP, TEXT_ROUTE13_BIKER, OPP_BIKER, 1
	object_event  7, 13, SPRITE_COOLTRAINER_M, STAY, UP, TEXT_ROUTE13_COOLTRAINER_M3, OPP_BIRD_KEEPER, 3

	def_warps_to ROUTE_13


-- MAP HEADER --

	map_header Route13, ROUTE_13, OVERWORLD, NORTH | WEST
	connection north, Route12, ROUTE_12, 20
	connection west, Route14, ROUTE_14, 0
	end_map_header


-- MAP TEXT --

_Route13CooltrainerM1BattleText::
	text "My bird #MON"
	line "want to scrap!"
	done

_Route13CooltrainerM1EndBattleText::
	text "My"
	line "bird combo lost?"
	prompt

_Route13CooltrainerM1AfterBattleText::
	text "My #MON look"
	line "happy even though"
	cont "they lost."
	done

_Route13CooltrainerF1BattleText::
	text "I'm told I'm good"
	line "for a kid!"
	done

_Route13CooltrainerF1EndBattleText::
	text "Ohh!"
	line "I lost!"
	prompt

_Route13CooltrainerF1AfterBattleText::
	text "I want to become"
	line "a good trainer."
	cont "I'll train hard."
	done

_Route13CooltrainerF2BattleText::
	text "Wow! Your BADGEs"
	line "are too cool!"
	done

_Route13CooltrainerF2EndBattleText::
	text "Not"
	line "enough!"
	prompt

_Route13CooltrainerF2AfterBattleText::
	text "You got those"
	line "BADGEs from GYM"
	cont "LEADERs. I know!"
	done

_Route13CooltrainerF3BattleText::
	text "My cute #MON"
	line "wish to make your"
	cont "acquaintance."
	done

_Route13CooltrainerF3EndBattleText::
	text "Wow!"
	line "You totally won!"
	prompt

_Route13CooltrainerF3AfterBattleText::
	text "You have to make"
	line "#MON fight to"
	cont "toughen them up!"
	done

_Route13CooltrainerF4BattleText::
	text "I found CARBOS in"
	line "a cave once."
	done

_Route13CooltrainerF4EndBattleText::
	text "Just"
	line "messed up!"
	prompt

_Route13CooltrainerF4AfterBattleText::
	text "CARBOS boosted"
	line "the SPEED of my"
	cont "#MON."
	done

_Route13CooltrainerM2BattleText::
	text "The wind's blowing"
	line "my way!"
	done

_Route13CooltrainerM2EndBattleText::
	text "The"
	line "wind turned!"
	prompt

_Route13CooltrainerM2AfterBattleText::
	text "I'm beat. I guess"
	line "I'll FLY home."
	done

_Route13Beauty1BattleText::
	text "Sure, I'll play"
	line "with you!"
	done

_Route13Beauty1EndBattleText::
	text "Oh!"
	line "You little brute!"
	prompt

_Route13Beauty1AfterBattleText::
	text "I wonder which is"
	line "stronger, male or"
	cont "female #MON?"
	done

_Route13Beauty2BattleText::
	text "Do you want to"
	line "#MON with me?"
	done

_Route13Beauty2EndBattleText::
	text "It's over"
	line "already?"
	prompt

_Route13Beauty2AfterBattleText::
	text "I don't know"
	line "anything about"
	cont "#MON. I just"
	cont "like cool ones!"
	done

_Route13BikerBattleText::
	text "What're you"
	line "lookin' at?"
	done

_Route13BikerEndBattleText::
	text "Dang!"
	line "Stripped gears!"
	prompt

_Route13BikerAfterBattleText::
	text "Get lost!"
	done

_Route13CooltrainerM3BattleText::
	text "I always go with"
	line "bird #MON!"
	done

_Route13CooltrainerM3EndBattleText::
	text "Out"
	line "of power!"
	prompt

_Route13CooltrainerM3AfterBattleText::
	text "I wish I could"
	line "fly like PIDGEY"
	cont "and PIDGEOTTO..."
	done

_Route13TrainerTips1Text::
	text "TRAINER TIPS"

	para "Look to the left"
	line "of that post!"
	done

_Route13TrainerTips2Text::
	text "TRAINER TIPS"

	para "Use SELECT to"
	line "switch items in"
	cont "the ITEM window!"
	done

_Route13SignText::
	text "ROUTE 13"
	line "North to SILENCE"
	cont "BRIDGE"
	done


-- MAP SCRIPT --

Route13_Script:
	call EnableAutoTextBoxDrawing
	ld hl, Route13TrainerHeaders
	ld de, Route13_ScriptPointers
	ld a, [wRoute13CurScript]
	call ExecuteCurMapScriptInTable
	ld [wRoute13CurScript], a
	ret

Route13_ScriptPointers:
	def_script_pointers
	dw_const CheckFightingMapTrainers,              SCRIPT_ROUTE13_DEFAULT
	dw_const DisplayEnemyTrainerTextAndStartBattle, SCRIPT_ROUTE13_START_BATTLE
	dw_const EndTrainerBattle,                      SCRIPT_ROUTE13_END_BATTLE

Route13_TextPointers:
	def_text_pointers
	dw_const Route13CooltrainerM1Text, TEXT_ROUTE13_COOLTRAINER_M1
	dw_const Route13CooltrainerF1Text, TEXT_ROUTE13_COOLTRAINER_F1
	dw_const Route13CooltrainerF2Text, TEXT_ROUTE13_COOLTRAINER_F2
	dw_const Route13CooltrainerF3Text, TEXT_ROUTE13_COOLTRAINER_F3
	dw_const Route13CooltrainerF4Text, TEXT_ROUTE13_COOLTRAINER_F4
	dw_const Route13CooltrainerM2Text, TEXT_ROUTE13_COOLTRAINER_M2
	dw_const Route13Beauty1Text,       TEXT_ROUTE13_BEAUTY1
	dw_const Route13Beauty2Text,       TEXT_ROUTE13_BEAUTY2
	dw_const Route13BikerText,         TEXT_ROUTE13_BIKER
	dw_const Route13CooltrainerM3Text, TEXT_ROUTE13_COOLTRAINER_M3
	dw_const Route13TrainerTips1Text,  TEXT_ROUTE13_TRAINER_TIPS1
	dw_const Route13TrainerTips2Text,  TEXT_ROUTE13_TRAINER_TIPS2
	dw_const Route13SignText,          TEXT_ROUTE13_SIGN

Route13TrainerHeaders:
	def_trainers
Route13TrainerHeader0:
	trainer EVENT_BEAT_ROUTE_13_TRAINER_0, 2, Route13CooltrainerM1BattleText, Route13CooltrainerM1EndBattleText, Route13CooltrainerM1AfterBattleText
Route13TrainerHeader1:
	trainer EVENT_BEAT_ROUTE_13_TRAINER_1, 2, Route13CooltrainerF1BattleText, Route13CooltrainerF1EndBattleText, Route13CooltrainerF1AfterBattleText
Route13TrainerHeader2:
	trainer EVENT_BEAT_ROUTE_13_TRAINER_2, 2, Route13CooltrainerF2BattleText, Route13CooltrainerF2EndBattleText, Route13CooltrainerF2AfterBattleText
Route13TrainerHeader3:
	trainer EVENT_BEAT_ROUTE_13_TRAINER_3, 2, Route13CooltrainerF3BattleText, Route13CooltrainerF3EndBattleText, Route13CooltrainerF3AfterBattleText
Route13TrainerHeader4:
	trainer EVENT_BEAT_ROUTE_13_TRAINER_4, 4, Route13CooltrainerF4BattleText, Route13CooltrainerF4EndBattleText, Route13CooltrainerF4AfterBattleText
Route13TrainerHeader5:
	trainer EVENT_BEAT_ROUTE_13_TRAINER_5, 2, Route13CooltrainerM2BattleText, Route13CooltrainerM2EndBattleText, Route13CooltrainerM2AfterBattleText
Route13TrainerHeader6:
	trainer EVENT_BEAT_ROUTE_13_TRAINER_6, 4, Route13Beauty1BattleText, Route13Beauty1EndBattleText, Route13Beauty1AfterBattleText
Route13TrainerHeader7:
	trainer EVENT_BEAT_ROUTE_13_TRAINER_7, 2, Route13Beauty2BattleText, Route13Beauty2EndBattleText, Route13Beauty2AfterBattleText
Route13TrainerHeader8:
	trainer EVENT_BEAT_ROUTE_13_TRAINER_8, 2, Route13BikerBattleText, Route13BikerEndBattleText, Route13BikerAfterBattleText
Route13TrainerHeader9:
	trainer EVENT_BEAT_ROUTE_13_TRAINER_9, 4, Route13CooltrainerM3BattleText, Route13CooltrainerM3EndBattleText, Route13CooltrainerM3AfterBattleText
	db -1 ; end

Route13CooltrainerM1Text:
	text_asm
	ld hl, Route13TrainerHeader0
	call TalkToTrainer
	jp TextScriptEnd

Route13CooltrainerM1BattleText:
	text_far _Route13CooltrainerM1BattleText
	text_end

Route13CooltrainerM1EndBattleText:
	text_far _Route13CooltrainerM1EndBattleText
	text_end

Route13CooltrainerM1AfterBattleText:
	text_far _Route13CooltrainerM1AfterBattleText
	text_end

Route13CooltrainerF1Text:
	text_asm
	ld hl, Route13TrainerHeader1
	call TalkToTrainer
	jp TextScriptEnd

Route13CooltrainerF1BattleText:
	text_far _Route13CooltrainerF1BattleText
	text_end

Route13CooltrainerF1EndBattleText:
	text_far _Route13CooltrainerF1EndBattleText
	text_end

Route13CooltrainerF1AfterBattleText:
	text_far _Route13CooltrainerF1AfterBattleText
	text_end

Route13CooltrainerF2Text:
	text_asm
	ld hl, Route13TrainerHeader2
	call TalkToTrainer
	jp TextScriptEnd

Route13CooltrainerF2BattleText:
	text_far _Route13CooltrainerF2BattleText
	text_end

Route13CooltrainerF2EndBattleText:
	text_far _Route13CooltrainerF2EndBattleText
	text_end

Route13CooltrainerF2AfterBattleText:
	text_far _Route13CooltrainerF2AfterBattleText
	text_end

Route13CooltrainerF3Text:
	text_asm
	ld hl, Route13TrainerHeader3
	call TalkToTrainer
	jp TextScriptEnd

Route13CooltrainerF3BattleText:
	text_far _Route13CooltrainerF3BattleText
	text_end

Route13CooltrainerF3EndBattleText:
	text_far _Route13CooltrainerF3EndBattleText
	text_end

Route13CooltrainerF3AfterBattleText:
	text_far _Route13CooltrainerF3AfterBattleText
	text_end

Route13CooltrainerF4Text:
	text_asm
	ld hl, Route13TrainerHeader4
	call TalkToTrainer
	jp TextScriptEnd

Route13CooltrainerF4BattleText:
	text_far _Route13CooltrainerF4BattleText
	text_end

Route13CooltrainerF4EndBattleText:
	text_far _Route13CooltrainerF4EndBattleText
	text_end

Route13CooltrainerF4AfterBattleText:
	text_far _Route13CooltrainerF4AfterBattleText
	text_end

Route13CooltrainerM2Text:
	text_asm
	ld hl, Route13TrainerHeader5
	call TalkToTrainer
	jp TextScriptEnd

Route13CooltrainerM2BattleText:
	text_far _Route13CooltrainerM2BattleText
	text_end

Route13CooltrainerM2EndBattleText:
	text_far _Route13CooltrainerM2EndBattleText
	text_end

Route13CooltrainerM2AfterBattleText:
	text_far _Route13CooltrainerM2AfterBattleText
	text_end

Route13Beauty1Text:
	text_asm
	ld hl, Route13TrainerHeader6
	call TalkToTrainer
	jp TextScriptEnd

Route13Beauty1BattleText:
	text_far _Route13Beauty1BattleText
	text_end

Route13Beauty1EndBattleText:
	text_far _Route13Beauty1EndBattleText
	text_end

Route13Beauty1AfterBattleText:
	text_far _Route13Beauty1AfterBattleText
	text_end

Route13Beauty2Text:
	text_asm
	ld hl, Route13TrainerHeader7
	call TalkToTrainer
	jp TextScriptEnd

Route13Beauty2BattleText:
	text_far _Route13Beauty2BattleText
	text_end

Route13Beauty2EndBattleText:
	text_far _Route13Beauty2EndBattleText
	text_end

Route13Beauty2AfterBattleText:
	text_far _Route13Beauty2AfterBattleText
	text_end

Route13BikerText:
	text_asm
	ld hl, Route13TrainerHeader8
	call TalkToTrainer
	jp TextScriptEnd

Route13BikerBattleText:
	text_far _Route13BikerBattleText
	text_end

Route13BikerEndBattleText:
	text_far _Route13BikerEndBattleText
	text_end

Route13BikerAfterBattleText:
	text_far _Route13BikerAfterBattleText
	text_end

Route13CooltrainerM3Text:
	text_asm
	ld hl, Route13TrainerHeader9
	call TalkToTrainer
	jp TextScriptEnd

Route13CooltrainerM3BattleText:
	text_far _Route13CooltrainerM3BattleText
	text_end

Route13CooltrainerM3EndBattleText:
	text_far _Route13CooltrainerM3EndBattleText
	text_end

Route13CooltrainerM3AfterBattleText:
	text_far _Route13CooltrainerM3AfterBattleText
	text_end

Route13TrainerTips1Text:
	text_far _Route13TrainerTips1Text
	text_end

Route13TrainerTips2Text:
	text_far _Route13TrainerTips2Text
	text_end

Route13SignText:
	text_far _Route13SignText
	text_end
