-- MAP OBJECT --

	object_const_def
	const_export ROUTE6_COOLTRAINER_M1
	const_export ROUTE6_COOLTRAINER_F1
	const_export ROUTE6_YOUNGSTER1
	const_export ROUTE6_COOLTRAINER_M2
	const_export ROUTE6_COOLTRAINER_F2
	const_export ROUTE6_YOUNGSTER2

Route6_Object:
	db $f ; border block

	def_warp_events
	warp_event  9,  1, ROUTE_6_GATE, 3
	warp_event 10,  1, ROUTE_6_GATE, 3
	warp_event 10,  7, ROUTE_6_GATE, 1
	warp_event 17, 13, UNDERGROUND_PATH_ROUTE_6, 1

	def_bg_events
	bg_event 19, 15, TEXT_ROUTE6_UNDERGROUND_PATH_SIGN

	def_object_events
	object_event 10, 21, SPRITE_COOLTRAINER_M, STAY, RIGHT, TEXT_ROUTE6_COOLTRAINER_M1, OPP_JR_TRAINER_M, 4
	object_event 11, 21, SPRITE_COOLTRAINER_F, STAY, LEFT, TEXT_ROUTE6_COOLTRAINER_F1, OPP_JR_TRAINER_F, 2
	object_event  0, 15, SPRITE_YOUNGSTER, STAY, RIGHT, TEXT_ROUTE6_YOUNGSTER1, OPP_BUG_CATCHER, 10
	object_event 11, 31, SPRITE_COOLTRAINER_M, STAY, LEFT, TEXT_ROUTE6_COOLTRAINER_M2, OPP_JR_TRAINER_M, 5
	object_event 11, 30, SPRITE_COOLTRAINER_F, STAY, LEFT, TEXT_ROUTE6_COOLTRAINER_F2, OPP_JR_TRAINER_F, 3
	object_event 19, 26, SPRITE_YOUNGSTER, STAY, LEFT, TEXT_ROUTE6_YOUNGSTER2, OPP_BUG_CATCHER, 11

	def_warps_to ROUTE_6


-- MAP HEADER --

	map_header Route6, ROUTE_6, OVERWORLD, NORTH | SOUTH
	connection north, SaffronCity, SAFFRON_CITY, -5
	connection south, VermilionCity, VERMILION_CITY, -5
	end_map_header


-- MAP TEXT --

_Route6CooltrainerM1BattleText::
	text "Who's there?"
	line "Quit listening in"
	cont "on us!"
	done

_Route6CooltrainerM1EndBattleText::
	text "I"
	line "just can't win!"
	prompt

_Route6CooltrainerAfterBattleText::
	text "Whisper..."
	line "whisper..."
	done

_Route6CooltrainerF1BattleText::
	text "Excuse me! This"
	line "is a private"
	cont "conversation!"
	done

_Route6CooltrainerF1EndBattleText::
	text "Ugh!"
	line "I hate losing!"
	prompt

_Route6Youngster1BattleText::
	text "There aren't many"
	line "bugs out here."
	done

_Route6Youngster1EndBattleText::
	text "No!"
	line "You're kidding!"
	prompt

_Route6Youngster1AfterBattleText::
	text "I like bugs, so"
	line "I'm going back to"
	cont "VIRIDIAN FOREST."
	done

_Route6CooltrainerM2BattleText::
	text "Huh? You want"
	line "to talk to me?"
	done

_Route6CooltrainerM2EndBattleText::
	text "I"
	line "didn't start it!"
	prompt

_Route6CooltrainerM2AfterBattleText::
	text "I should carry"
	line "more #MON with"
	cont "me for safety."
	done

_Route6CooltrainerF2BattleText::
	text "Me? Well, OK."
	line "I'll play!"
	done

_Route6CooltrainerF2EndBattleText::
	text "Just"
	line "didn't work!"
	prompt

_Route6CooltrainerF2AfterBattleText::
	text "I want to get"
	line "stronger! What's"
	cont "your secret?"
	done

_Route6Youngster2BattleText::
	text "I've never seen"
	line "you around!"
	cont "Are you good?"
	done

_Route6Youngster2EndBattleText::
	text "You"
	line "are too good!"
	prompt

_Route6Youngster2AfterBattleText::
	text "Are my #MON"
	line "weak? Or, am I"
	cont "just bad?"
	done

_Route6UndergroundPathSignText::
	text "UNDERGROUND PATH"
	line "CERULEAN CITY -"
	cont "VERMILION CITY"
	done


-- MAP SCRIPT --

Route6_Script:
	call EnableAutoTextBoxDrawing
	ld hl, Route6TrainerHeaders
	ld de, Route6_ScriptPointers
	ld a, [wRoute6CurScript]
	call ExecuteCurMapScriptInTable
	ld [wRoute6CurScript], a
	ret

Route6_ScriptPointers:
	def_script_pointers
	dw_const CheckFightingMapTrainers,              SCRIPT_ROUTE6_DEFAULT
	dw_const DisplayEnemyTrainerTextAndStartBattle, SCRIPT_ROUTE6_START_BATTLE
	dw_const EndTrainerBattle,                      SCRIPT_ROUTE6_END_BATTLE

Route6_TextPointers:
	def_text_pointers
	dw_const Route6CooltrainerM1Text,       TEXT_ROUTE6_COOLTRAINER_M1
	dw_const Route6CooltrainerF1Text,       TEXT_ROUTE6_COOLTRAINER_F1
	dw_const Route6Youngster1Text,          TEXT_ROUTE6_YOUNGSTER1
	dw_const Route6CooltrainerM2Text,       TEXT_ROUTE6_COOLTRAINER_M2
	dw_const Route6CooltrainerF2Text,       TEXT_ROUTE6_COOLTRAINER_F2
	dw_const Route6Youngster2Text,          TEXT_ROUTE6_YOUNGSTER2
	dw_const Route6UndergroundPathSignText, TEXT_ROUTE6_UNDERGROUND_PATH_SIGN

Route6TrainerHeaders:
	def_trainers
Route6TrainerHeader0:
	trainer EVENT_BEAT_ROUTE_6_TRAINER_0, 0, Route6CooltrainerM1BattleText, Route6CooltrainerM1EndBattleText, Route6CooltrainerAfterBattleText
Route6TrainerHeader1:
	trainer EVENT_BEAT_ROUTE_6_TRAINER_1, 0, Route6CooltrainerF1BattleText, Route6CooltrainerF1EndBattleText, Route6CooltrainerAfterBattleText
Route6TrainerHeader2:
	trainer EVENT_BEAT_ROUTE_6_TRAINER_2, 4, Route6Youngster1BattleText, Route6Youngster1EndBattleText, Route6Youngster1AfterBattleText
Route6TrainerHeader3:
	trainer EVENT_BEAT_ROUTE_6_TRAINER_3, 3, Route6CooltrainerM2BattleText, Route6CooltrainerM2EndBattleText, Route6CooltrainerM2AfterBattleText
Route6TrainerHeader4:
	trainer EVENT_BEAT_ROUTE_6_TRAINER_4, 3, Route6CooltrainerF2BattleText, Route6CooltrainerF2EndBattleText, Route6CooltrainerF2AfterBattleText
Route6TrainerHeader5:
	trainer EVENT_BEAT_ROUTE_6_TRAINER_5, 3, Route6Youngster2BattleText, Route6Youngster2EndBattleText, Route6Youngster2AfterBattleText
	db -1 ; end

Route6CooltrainerM1Text:
	text_asm
	ld hl, Route6TrainerHeader0
	call TalkToTrainer
	jp TextScriptEnd

Route6CooltrainerM1BattleText:
	text_far _Route6CooltrainerM1BattleText
	text_end

Route6CooltrainerM1EndBattleText:
	text_far _Route6CooltrainerM1EndBattleText
	text_end

Route6CooltrainerAfterBattleText: ; used by both COOLTRAINER_M1 and COOLTRAINER_F1
	text_far _Route6CooltrainerAfterBattleText
	text_end

Route6CooltrainerF1Text:
	text_asm
	ld hl, Route6TrainerHeader1
	call TalkToTrainer
	jp TextScriptEnd

Route6CooltrainerF1BattleText:
	text_far _Route6CooltrainerF1BattleText
	text_end

Route6CooltrainerF1EndBattleText:
	text_far _Route6CooltrainerF1EndBattleText
	text_end

Route6Youngster1Text:
	text_asm
	ld hl, Route6TrainerHeader2
	call TalkToTrainer
	jp TextScriptEnd

Route6Youngster1BattleText:
	text_far _Route6Youngster1BattleText
	text_end

Route6Youngster1EndBattleText:
	text_far _Route6Youngster1EndBattleText
	text_end

Route6Youngster1AfterBattleText:
	text_far _Route6Youngster1AfterBattleText
	text_end

Route6CooltrainerM2Text:
	text_asm
	ld hl, Route6TrainerHeader3
	call TalkToTrainer
	jp TextScriptEnd

Route6CooltrainerM2BattleText:
	text_far _Route6CooltrainerM2BattleText
	text_end

Route6CooltrainerM2EndBattleText:
	text_far _Route6CooltrainerM2EndBattleText
	text_end

Route6CooltrainerM2AfterBattleText:
	text_far _Route6CooltrainerM2AfterBattleText
	text_end

Route6CooltrainerF2Text:
	text_asm
	ld hl, Route6TrainerHeader4
	call TalkToTrainer
	jp TextScriptEnd

Route6CooltrainerF2BattleText:
	text_far _Route6CooltrainerF2BattleText
	text_end

Route6CooltrainerF2EndBattleText:
	text_far _Route6CooltrainerF2EndBattleText
	text_end

Route6CooltrainerF2AfterBattleText:
	text_far _Route6CooltrainerF2AfterBattleText
	text_end

Route6Youngster2Text:
	text_asm
	ld hl, Route6TrainerHeader5
	call TalkToTrainer
	jp TextScriptEnd

Route6Youngster2BattleText:
	text_far _Route6Youngster2BattleText
	text_end

Route6Youngster2EndBattleText:
	text_far _Route6Youngster2EndBattleText
	text_end

Route6Youngster2AfterBattleText:
	text_far _Route6Youngster2AfterBattleText
	text_end

Route6UndergroundPathSignText:
	text_far _Route6UndergroundPathSignText
	text_end
