-- MAP OBJECT --

	object_const_def
	const_export ROUTE3_SUPER_NERD
	const_export ROUTE3_YOUNGSTER1
	const_export ROUTE3_YOUNGSTER2
	const_export ROUTE3_COOLTRAINER_F1
	const_export ROUTE3_YOUNGSTER3
	const_export ROUTE3_COOLTRAINER_F2
	const_export ROUTE3_YOUNGSTER4
	const_export ROUTE3_YOUNGSTER5
	const_export ROUTE3_COOLTRAINER_F3

Route3_Object:
	db $2c ; border block

	def_warp_events

	def_bg_events
	bg_event 59,  9, 10 ; Route3SignText

	def_object_events
	object_event 57, 11, SPRITE_SUPER_NERD, STAY, NONE, TEXT_ROUTE3_SUPER_NERD
	object_event 10,  6, SPRITE_YOUNGSTER, STAY, RIGHT, TEXT_ROUTE3_YOUNGSTER1, OPP_BUG_CATCHER, 4
	object_event 14,  4, SPRITE_YOUNGSTER, STAY, DOWN, TEXT_ROUTE3_YOUNGSTER2, OPP_YOUNGSTER, 1
	object_event 16,  9, SPRITE_COOLTRAINER_F, STAY, LEFT, TEXT_ROUTE3_COOLTRAINER_F1, OPP_LASS, 1
	object_event 19,  5, SPRITE_YOUNGSTER, STAY, DOWN, TEXT_ROUTE3_YOUNGSTER3, OPP_BUG_CATCHER, 5
	object_event 23,  4, SPRITE_COOLTRAINER_F, STAY, LEFT, TEXT_ROUTE3_COOLTRAINER_F2, OPP_LASS, 2
	object_event 22,  9, SPRITE_YOUNGSTER, STAY, LEFT, TEXT_ROUTE3_YOUNGSTER4, OPP_YOUNGSTER, 2
	object_event 24,  6, SPRITE_YOUNGSTER, STAY, RIGHT, TEXT_ROUTE3_YOUNGSTER5, OPP_BUG_CATCHER, 6
	object_event 33, 10, SPRITE_COOLTRAINER_F, STAY, UP, TEXT_ROUTE3_COOLTRAINER_F3, OPP_LASS, 3

	def_warps_to ROUTE_3


-- MAP HEADER --

	map_header Route3, ROUTE_3, OVERWORLD, NORTH | WEST
	connection north, Route4, ROUTE_4, 25
	connection west, PewterCity, PEWTER_CITY, -4
	end_map_header


-- MAP TEXT --

_Route3Text1::
	text "Whew... I better"
	line "take a rest..."
	cont "Groan..."

	para "That tunnel from"
	line "CERULEAN takes a"
	cont "lot out of you!"
	done

_Route3Youngster1BattleText::
	text "Hey! I met you in"
	line "VIRIDIAN FOREST!"
	done

_Route3Youngster1EndBattleText::
	text "You"
	line "beat me again!"
	prompt

_Route3Youngster1AfterBattleText::
	text "There are other"
	line "kinds of #MON"
	cont "than those found"
	cont "in the forest!"
	done

_Route3Youngster2BattleText::
	text "Hi! I like shorts!"
	line "They're comfy and"
	cont "easy to wear!"
	done

_Route3Youngster2EndBattleText::
	text "I don't"
	line "believe it!"
	prompt

_Route3Youngster2AfterBattleText::
	text "Are you storing"
	line "your #MON on"
	cont "PC? Each BOX can"
	cont "hold 20 #MON!"
	done

_Route3CooltrainerF1BattleText::
	text "You looked at me,"
	line "didn't you?"
	done

_Route3CooltrainerF1EndBattleText::
	text "You're"
	line "mean!"
	prompt

_Route3CooltrainerF1AfterBattleText::
	text "Quit staring if"
	line "you don't want to"
	cont "fight!"
	done

_Route3Youngster3BattleText::
	text "Are you a trainer?"
	line "Let's fight!"
	done

_Route3Youngster3EndBattleText::
	text "If I"
	line "had new #MON I"
	cont "would've won!"
	prompt

_Route3Youngster3AfterBattleText::
	text "If a #MON BOX"
	line "on the PC gets"
	cont "full, just switch"
	cont "to another BOX!"
	done

_Route3CooltrainerF2BattleText::
	text "That look you"
	line "gave me, it's so"
	cont "intriguing!"
	done

_Route3CooltrainerF2EndBattleText::
	text "Be nice!"
	prompt

_Route3CooltrainerF2AfterBattleText::
	text "Avoid fights by"
	line "not letting"
	cont "people see you!"
	done

_Route3Youngster4BattleText::
	text "Hey! You're not"
	line "wearing shorts!"
	done

_Route3Youngster4EndBattleText::
	text "Lost!"
	line "Lost! Lost!"
	prompt

_Route3Youngster4AfterBattleText::
	text "I always wear"
	line "shorts, even in"
	cont "winter!"
	done

_Route3Youngster5BattleText::
	text "You can fight my"
	line "new #MON!"
	done

_Route3Youngster5EndBattleText::
	text "Done"
	line "like dinner!"
	prompt

_Route3Youngster5AfterBattleText::
	text "Trained #MON"
	line "are stronger than"
	cont "the wild ones!"
	done

_Route3CooltrainerF3BattleText::
	text "Eek! Did you"
	line "touch me?"
	done

_Route3CooltrainerF3EndBattleText::
	text "That's it?"
	prompt

_Route3CooltrainerF3AfterBattleText::
	text "ROUTE 4 is at the"
	line "foot of MT.MOON."
	done

_Route3SignText::
	text "ROUTE 3"
	line "MT.MOON AHEAD"
	done


-- MAP SCRIPT --

Route3_Script:
	call EnableAutoTextBoxDrawing
	ld hl, Route3TrainerHeaders
	ld de, Route3_ScriptPointers
	ld a, [wRoute3CurScript]
	call ExecuteCurMapScriptInTable
	ld [wRoute3CurScript], a
	ret

Route3_ScriptPointers:
	def_script_pointers
	dw_const CheckFightingMapTrainers,              SCRIPT_ROUTE3_DEFAULT
	dw_const DisplayEnemyTrainerTextAndStartBattle, SCRIPT_ROUTE3_START_BATTLE
	dw_const EndTrainerBattle,                      SCRIPT_ROUTE3_END_BATTLE

Route3_TextPointers:
	def_text_pointers
	dw_const Route3SuperNerdText,     TEXT_ROUTE3_SUPER_NERD
	dw_const Route3Youngster1Text,    TEXT_ROUTE3_YOUNGSTER1
	dw_const Route3Youngster2Text,    TEXT_ROUTE3_YOUNGSTER2
	dw_const Route3CooltrainerF1Text, TEXT_ROUTE3_COOLTRAINER_F1
	dw_const Route3Youngster3Text,    TEXT_ROUTE3_YOUNGSTER3
	dw_const Route3CooltrainerF2Text, TEXT_ROUTE3_COOLTRAINER_F2
	dw_const Route3Youngster4Text,    TEXT_ROUTE3_YOUNGSTER4
	dw_const Route3Youngster5Text,    TEXT_ROUTE3_YOUNGSTER5
	dw_const Route3CooltrainerF3Text, TEXT_ROUTE3_COOLTRAINER_F3
	dw_const Route3SignText,          TEXT_ROUTE3_SIGN

Route3TrainerHeaders:
	def_trainers 2
Route3TrainerHeader0:
	trainer EVENT_BEAT_ROUTE_3_TRAINER_0, 2, Route3Youngster1BattleText, Route3Youngster1EndBattleText, Route3Youngster1AfterBattleText
Route3TrainerHeader1:
	trainer EVENT_BEAT_ROUTE_3_TRAINER_1, 3, Route3Youngster2BattleText, Route3Youngster2EndBattleText, Route3Youngster2AfterBattleText
Route3TrainerHeader2:
	trainer EVENT_BEAT_ROUTE_3_TRAINER_2, 2, Route3CooltrainerF1BattleText, Route3CooltrainerF1EndBattleText, Route3CooltrainerF1AfterBattleText
Route3TrainerHeader3:
	trainer EVENT_BEAT_ROUTE_3_TRAINER_3, 1, Route3Youngster3BattleText, Route3Youngster3EndBattleText, Route3Youngster3AfterBattleText
Route3TrainerHeader4:
	trainer EVENT_BEAT_ROUTE_3_TRAINER_4, 4, Route3CooltrainerF2BattleText, Route3CooltrainerF2EndBattleText, Route3CooltrainerF2AfterBattleText
Route3TrainerHeader5:
	trainer EVENT_BEAT_ROUTE_3_TRAINER_5, 3, Route3Youngster4BattleText, Route3Youngster4EndBattleText, Route3Youngster4AfterBattleText
Route3TrainerHeader6:
	trainer EVENT_BEAT_ROUTE_3_TRAINER_6, 3, Route3Youngster5BattleText, Route3Youngster5EndBattleText, Route3Youngster5AfterBattleText
Route3TrainerHeader7:
	trainer EVENT_BEAT_ROUTE_3_TRAINER_7, 2, Route3CooltrainerF3BattleText, Route3CooltrainerF3EndBattleText, Route3CooltrainerF3AfterBattleText
	db -1 ; end

Route3SuperNerdText:
	text_far _Route3Text1
	text_end

Route3Youngster1Text:
	text_asm
	ld hl, Route3TrainerHeader0
	call TalkToTrainer
	jp TextScriptEnd

Route3Youngster1BattleText:
	text_far _Route3Youngster1BattleText
	text_end

Route3Youngster1EndBattleText:
	text_far _Route3Youngster1EndBattleText
	text_end

Route3Youngster1AfterBattleText:
	text_far _Route3Youngster1AfterBattleText
	text_end

Route3Youngster2Text:
	text_asm
	ld hl, Route3TrainerHeader1
	call TalkToTrainer
	jp TextScriptEnd

Route3Youngster2BattleText:
	text_far _Route3Youngster2BattleText
	text_end

Route3Youngster2EndBattleText:
	text_far _Route3Youngster2EndBattleText
	text_end

Route3Youngster2AfterBattleText:
	text_far _Route3Youngster2AfterBattleText
	text_end

Route3CooltrainerF1Text:
	text_asm
	ld hl, Route3TrainerHeader2
	call TalkToTrainer
	jp TextScriptEnd

Route3CooltrainerF1BattleText:
	text_far _Route3CooltrainerF1BattleText
	text_end

Route3CooltrainerF1EndBattleText:
	text_far _Route3CooltrainerF1EndBattleText
	text_end

Route3CooltrainerF1AfterBattleText:
	text_far _Route3CooltrainerF1AfterBattleText
	text_end

Route3Youngster3Text:
	text_asm
	ld hl, Route3TrainerHeader3
	call TalkToTrainer
	jp TextScriptEnd

Route3Youngster3BattleText:
	text_far _Route3Youngster3BattleText
	text_end

Route3Youngster3EndBattleText:
	text_far _Route3Youngster3EndBattleText
	text_end

Route3Youngster3AfterBattleText:
	text_far _Route3Youngster3AfterBattleText
	text_end

Route3CooltrainerF2Text:
	text_asm
	ld hl, Route3TrainerHeader4
	call TalkToTrainer
	jp TextScriptEnd

Route3CooltrainerF2BattleText:
	text_far _Route3CooltrainerF2BattleText
	text_end

Route3CooltrainerF2EndBattleText:
	text_far _Route3CooltrainerF2EndBattleText
	text_end

Route3CooltrainerF2AfterBattleText:
	text_far _Route3CooltrainerF2AfterBattleText
	text_end

Route3Youngster4Text:
	text_asm
	ld hl, Route3TrainerHeader5
	call TalkToTrainer
	jp TextScriptEnd

Route3Youngster4BattleText:
	text_far _Route3Youngster4BattleText
	text_end

Route3Youngster4EndBattleText:
	text_far _Route3Youngster4EndBattleText
	text_end

Route3Youngster4AfterBattleText:
	text_far _Route3Youngster4AfterBattleText
	text_end

Route3Youngster5Text:
	text_asm
	ld hl, Route3TrainerHeader6
	call TalkToTrainer
	jp TextScriptEnd

Route3Youngster5BattleText:
	text_far _Route3Youngster5BattleText
	text_end

Route3Youngster5EndBattleText:
	text_far _Route3Youngster5EndBattleText
	text_end

Route3Youngster5AfterBattleText:
	text_far _Route3Youngster5AfterBattleText
	text_end

Route3CooltrainerF3Text:
	text_asm
	ld hl, Route3TrainerHeader7
	call TalkToTrainer
	jp TextScriptEnd

Route3CooltrainerF3BattleText:
	text_far _Route3CooltrainerF3BattleText
	text_end

Route3CooltrainerF3EndBattleText:
	text_far _Route3CooltrainerF3EndBattleText
	text_end

Route3CooltrainerF3AfterBattleText:
	text_far _Route3CooltrainerF3AfterBattleText
	text_end

Route3SignText:
	text_far _Route3SignText
	text_end
