-- MAP OBJECT --

	object_const_def
	const_export ROUTE8_SUPER_NERD1
	const_export ROUTE8_GAMBLER1
	const_export ROUTE8_SUPER_NERD2
	const_export ROUTE8_COOLTRAINER_F1
	const_export ROUTE8_SUPER_NERD3
	const_export ROUTE8_COOLTRAINER_F2
	const_export ROUTE8_COOLTRAINER_F3
	const_export ROUTE8_GAMBLER2
	const_export ROUTE8_COOLTRAINER_F4

Route8_Object:
	db $2c ; border block

	def_warp_events
	warp_event  1,  9, ROUTE_8_GATE, 1
	warp_event  1, 10, ROUTE_8_GATE, 2
	warp_event  8,  9, ROUTE_8_GATE, 3
	warp_event  8, 10, ROUTE_8_GATE, 4
	warp_event 13,  3, UNDERGROUND_PATH_ROUTE_8, 1

	def_bg_events
	bg_event 17,  3, TEXT_ROUTE8_UNDERGROUND_SIGN

	def_object_events
	object_event  8,  5, SPRITE_SUPER_NERD, STAY, RIGHT, TEXT_ROUTE8_SUPER_NERD1, OPP_SUPER_NERD, 3
	object_event 13,  9, SPRITE_GAMBLER, STAY, UP, TEXT_ROUTE8_GAMBLER1, OPP_GAMBLER, 5
	object_event 42,  6, SPRITE_SUPER_NERD, STAY, UP, TEXT_ROUTE8_SUPER_NERD2, OPP_SUPER_NERD, 4
	object_event 26,  3, SPRITE_COOLTRAINER_F, STAY, LEFT, TEXT_ROUTE8_COOLTRAINER_F1, OPP_LASS, 13
	object_event 26,  4, SPRITE_SUPER_NERD, STAY, RIGHT, TEXT_ROUTE8_SUPER_NERD3, OPP_SUPER_NERD, 5
	object_event 26,  5, SPRITE_COOLTRAINER_F, STAY, LEFT, TEXT_ROUTE8_COOLTRAINER_F2, OPP_LASS, 14
	object_event 26,  6, SPRITE_COOLTRAINER_F, STAY, RIGHT, TEXT_ROUTE8_COOLTRAINER_F3, OPP_LASS, 15
	object_event 46, 13, SPRITE_GAMBLER, STAY, DOWN, TEXT_ROUTE8_GAMBLER2, OPP_GAMBLER, 7
	object_event 51, 12, SPRITE_COOLTRAINER_F, STAY, LEFT, TEXT_ROUTE8_COOLTRAINER_F4, OPP_LASS, 16

	def_warps_to ROUTE_8


-- MAP HEADER --

	map_header Route8, ROUTE_8, OVERWORLD, WEST | EAST
	connection west, SaffronCity, SAFFRON_CITY, -4
	connection east, LavenderTown, LAVENDER_TOWN, 0
	end_map_header


-- MAP TEXT --

_Route8SuperNerd1BattleText::
	text "You look good at"
	line "#MON, but"
	cont "how's your chem?"
	done

_Route8SuperNerd1EndBattleText::
	text "Ow!"
	line "Meltdown!"
	prompt

_Route8SuperNerd1AfterBattleText::
	text "I am better at"
	line "school than this!"
	done

_Route8Gambler1BattleText::
	text "All right! Let's"
	line "roll the dice!"
	done

_Route8Gambler1EndBattleText::
	text "Drat!"
	line "Came up short!"
	prompt

_Route8Gambler1AfterBattleText::
	text "Lady Luck's not"
	line "with me today!"
	done

_Route8SuperNerd2BattleText::
	text "You need strategy"
	line "to win at this!"
	done

_Route8SuperNerd2EndBattleText::
	text "It's"
	line "not logical!"
	prompt

_Route8SuperNerd2AfterBattleText::
	text "Go with GRIMER"
	line "first...and..."
	cont "...and...then..."
	done

_Route8CooltrainerF1BattleText::
	text "I like NIDORAN, so"
	line "I collect them!"
	done

_Route8CooltrainerF21EndBattleText::
	text "Why? Why??"
	prompt

_Route8CooltrainerF1AfterBattleText::
	text "When #MON grow"
	line "up they get ugly!"
	cont "They shouldn't"
	cont "evolve!"
	done

_Route8SuperNerd3BattleText::
	text "School is fun, but"
	line "so are #MON."
	done

_Route8SuperNerd3EndBattleText::
	text "I'll"
	line "stay with school."
	prompt

_Route8SuperNerd3AfterBattleText::
	text "We're stuck here"
	line "because of the"
	cont "gates at SAFFRON."
	done

_Route8CooltrainerF2BattleText::
	text "MEOWTH is so cute,"
	line "meow, meow, meow!"
	done

_Route8CooltrainerF2EndBattleText::
	text "Meow!"
	prompt

_Route8CooltrainerF2AfterBattleText::
	text "I think PIDGEY"
	line "and RATTATA"
	cont "are cute too!"
	done

_Route8CooltrainerF3BattleText::
	text "We must look"
	line "silly standing"
	cont "here like this!"
	done

_Route8CooltrainerF3EndBattleText::
	text "Look what"
	line "you did!"
	prompt

_Route8CooltrainerF3AfterBattleText::
	text "SAFFRON's gate"
	line "keeper won't let"
	cont "us through."
	cont "He's so mean!"
	done

_Route8Gambler2BattleText::
	text "I'm a rambling,"
	line "gambling dude!"
	done

_Route8Gambler2EndBattleText::
	text "Missed"
	line "the big score!"
	prompt

_Route8Gambler2AfterBattleText::
	text "Gambling and"
	line "#MON are like"
	cont "eating peanuts!"
	cont "Just can't stop!"
	done

_Route8CooltrainerF4BattleText::
	text "What's a cute,"
	line "round and fluffy"
	cont "#MON?"
	done

_Route8CooltrainerF4EndBattleText::
	text "Stop!"

	para "Don't be so mean"
	line "to my CLEFAIRY!"
	prompt

_Route8CooltrainerF4AfterBattleText::
	text "I heard that"
	line "CLEFAIRY evolves"
	cont "when it's exposed"
	cont "to a MOON STONE."
	done

_Route8UndergroundSignText::
	text "UNDERGROUND PATH"
	line "CELADON CITY -"
	cont "LAVENDER TOWN"
	done


-- MAP SCRIPT --

Route8_Script:
	call EnableAutoTextBoxDrawing
	ld hl, Route8TrainerHeaders
	ld de, Route8_ScriptPointers
	ld a, [wRoute8CurScript]
	call ExecuteCurMapScriptInTable
	ld [wRoute8CurScript], a
	ret

Route8_ScriptPointers:
	def_script_pointers
	dw_const CheckFightingMapTrainers,              SCRIPT_ROUTE8_DEFAULT
	dw_const DisplayEnemyTrainerTextAndStartBattle, SCRIPT_ROUTE8_START_BATTLE
	dw_const EndTrainerBattle,                      SCRIPT_ROUTE8_END_BATTLE

Route8_TextPointers:
	def_text_pointers
	dw_const Route8SuperNerd1Text,      TEXT_ROUTE8_SUPER_NERD1
	dw_const Route8Gambler1Text,        TEXT_ROUTE8_GAMBLER1
	dw_const Route8SuperNerd2Text,      TEXT_ROUTE8_SUPER_NERD2
	dw_const Route8CooltrainerF1Text,   TEXT_ROUTE8_COOLTRAINER_F1
	dw_const Route8SuperNerd3Text,      TEXT_ROUTE8_SUPER_NERD3
	dw_const Route8CooltrainerF2Text,   TEXT_ROUTE8_COOLTRAINER_F2
	dw_const Route8CooltrainerF3Text,   TEXT_ROUTE8_COOLTRAINER_F3
	dw_const Route8Gambler2Text,        TEXT_ROUTE8_GAMBLER2
	dw_const Route8CooltrainerF4Text,   TEXT_ROUTE8_COOLTRAINER_F4
	dw_const Route8UndergroundSignText, TEXT_ROUTE8_UNDERGROUND_SIGN

Route8TrainerHeaders:
	def_trainers
Route8TrainerHeader0:
	trainer EVENT_BEAT_ROUTE_8_TRAINER_0, 4, Route8SuperNerd1BattleText, Route8SuperNerd1EndBattleText, Route8SuperNerd1AfterBattleText
Route8TrainerHeader1:
	trainer EVENT_BEAT_ROUTE_8_TRAINER_1, 4, Route8Gambler1BattleText, Route8Gambler1EndBattleText, Route8Gambler1AfterBattleText
Route8TrainerHeader2:
	trainer EVENT_BEAT_ROUTE_8_TRAINER_2, 4, Route8SuperNerd2BattleText, Route8SuperNerd2EndBattleText, Route8SuperNerd2AfterBattleText
Route8TrainerHeader3:
	trainer EVENT_BEAT_ROUTE_8_TRAINER_3, 2, Route8CooltrainerF1BattleText, Route8CooltrainerF21EndBattleText, Route8CooltrainerF1AfterBattleText
Route8TrainerHeader4:
	trainer EVENT_BEAT_ROUTE_8_TRAINER_4, 3, Route8SuperNerd3BattleText, Route8SuperNerd3EndBattleText, Route8SuperNerd3AfterBattleText
Route8TrainerHeader5:
	trainer EVENT_BEAT_ROUTE_8_TRAINER_5, 3, Route8CooltrainerF2BattleText, Route8CooltrainerF2EndBattleText, Route8CooltrainerF2AfterBattleText
Route8TrainerHeader6:
	trainer EVENT_BEAT_ROUTE_8_TRAINER_6, 2, Route8CooltrainerF3BattleText, Route8CooltrainerF3EndBattleText, Route8CooltrainerF3AfterBattleText
Route8TrainerHeader7:
	trainer EVENT_BEAT_ROUTE_8_TRAINER_7, 2, Route8Gambler2BattleText, Route8Gambler2EndBattleText, Route8Gambler2AfterBattleText
Route8TrainerHeader8:
	trainer EVENT_BEAT_ROUTE_8_TRAINER_8, 4, Route8CooltrainerF4BattleText, Route8CooltrainerF4EndBattleText, Route8CooltrainerF4AfterBattleText
	db -1 ; end

Route8SuperNerd1Text:
	text_asm
	ld hl, Route8TrainerHeader0
	call TalkToTrainer
	jp TextScriptEnd

Route8SuperNerd1BattleText:
	text_far _Route8SuperNerd1BattleText
	text_end

Route8SuperNerd1EndBattleText:
	text_far _Route8SuperNerd1EndBattleText
	text_end

Route8SuperNerd1AfterBattleText:
	text_far _Route8SuperNerd1AfterBattleText
	text_end

Route8Gambler1Text:
	text_asm
	ld hl, Route8TrainerHeader1
	call TalkToTrainer
	jp TextScriptEnd

Route8Gambler1BattleText:
	text_far _Route8Gambler1BattleText
	text_end

Route8Gambler1EndBattleText:
	text_far _Route8Gambler1EndBattleText
	text_end

Route8Gambler1AfterBattleText:
	text_far _Route8Gambler1AfterBattleText
	text_end

Route8SuperNerd2Text:
	text_asm
	ld hl, Route8TrainerHeader2
	call TalkToTrainer
	jp TextScriptEnd

Route8SuperNerd2BattleText:
	text_far _Route8SuperNerd2BattleText
	text_end

Route8SuperNerd2EndBattleText:
	text_far _Route8SuperNerd2EndBattleText
	text_end

Route8SuperNerd2AfterBattleText:
	text_far _Route8SuperNerd2AfterBattleText
	text_end

Route8CooltrainerF1Text:
	text_asm
	ld hl, Route8TrainerHeader3
	call TalkToTrainer
	jp TextScriptEnd

Route8CooltrainerF1BattleText:
	text_far _Route8CooltrainerF1BattleText
	text_end

Route8CooltrainerF21EndBattleText:
	text_far _Route8CooltrainerF21EndBattleText
	text_end

Route8CooltrainerF1AfterBattleText:
	text_far _Route8CooltrainerF1AfterBattleText
	text_end

Route8SuperNerd3Text:
	text_asm
	ld hl, Route8TrainerHeader4
	call TalkToTrainer
	jp TextScriptEnd

Route8SuperNerd3BattleText:
	text_far _Route8SuperNerd3BattleText
	text_end

Route8SuperNerd3EndBattleText:
	text_far _Route8SuperNerd3EndBattleText
	text_end

Route8SuperNerd3AfterBattleText:
	text_far _Route8SuperNerd3AfterBattleText
	text_end

Route8CooltrainerF2Text:
	text_asm
	ld hl, Route8TrainerHeader5
	call TalkToTrainer
	jp TextScriptEnd

Route8CooltrainerF2BattleText:
	text_far _Route8CooltrainerF2BattleText
	text_end

Route8CooltrainerF2EndBattleText:
	text_far _Route8CooltrainerF2EndBattleText
	text_end

Route8CooltrainerF2AfterBattleText:
	text_far _Route8CooltrainerF2AfterBattleText
	text_end

Route8CooltrainerF3Text:
	text_asm
	ld hl, Route8TrainerHeader6
	call TalkToTrainer
	jp TextScriptEnd

Route8CooltrainerF3BattleText:
	text_far _Route8CooltrainerF3BattleText
	text_end

Route8CooltrainerF3EndBattleText:
	text_far _Route8CooltrainerF3EndBattleText
	text_end

Route8CooltrainerF3AfterBattleText:
	text_far _Route8CooltrainerF3AfterBattleText
	text_end

Route8Gambler2Text:
	text_asm
	ld hl, Route8TrainerHeader7
	call TalkToTrainer
	jp TextScriptEnd

Route8Gambler2BattleText:
	text_far _Route8Gambler2BattleText
	text_end

Route8Gambler2EndBattleText:
	text_far _Route8Gambler2EndBattleText
	text_end

Route8Gambler2AfterBattleText:
	text_far _Route8Gambler2AfterBattleText
	text_end

Route8CooltrainerF4Text:
	text_asm
	ld hl, Route8TrainerHeader8
	call TalkToTrainer
	jp TextScriptEnd

Route8CooltrainerF4BattleText:
	text_far _Route8CooltrainerF4BattleText
	text_end

Route8CooltrainerF4EndBattleText:
	text_far _Route8CooltrainerF4EndBattleText
	text_end

Route8CooltrainerF4AfterBattleText:
	text_far _Route8CooltrainerF4AfterBattleText
	text_end

Route8UndergroundSignText:
	text_far _Route8UndergroundSignText
	text_end
