-- MAP OBJECT --

	object_const_def
	const_export ROUTE10_SUPER_NERD1
	const_export ROUTE10_HIKER1
	const_export ROUTE10_SUPER_NERD2
	const_export ROUTE10_COOLTRAINER_F1
	const_export ROUTE10_HIKER2
	const_export ROUTE10_COOLTRAINER_F2

Route10_Object:
	db $2c ; border block

	def_warp_events
	warp_event 11, 19, ROCK_TUNNEL_POKECENTER, 1
	warp_event  8, 17, ROCK_TUNNEL_1F, 1
	warp_event  8, 53, ROCK_TUNNEL_1F, 3
	warp_event  6, 39, POWER_PLANT, 1

	def_bg_events
	bg_event  7, 19, TEXT_ROUTE10_ROCKTUNNEL_NORTH_SIGN
	bg_event 12, 19, TEXT_ROUTE10_POKECENTER_SIGN
	bg_event  9, 55, TEXT_ROUTE10_ROCKTUNNEL_SOUTH_SIGN
	bg_event  5, 41, TEXT_ROUTE10_POWERPLANT_SIGN

	def_object_events
	object_event 10, 44, SPRITE_SUPER_NERD, STAY, LEFT, TEXT_ROUTE10_SUPER_NERD1, OPP_POKEMANIAC, 1
	object_event  3, 57, SPRITE_HIKER, STAY, UP, TEXT_ROUTE10_HIKER1, OPP_HIKER, 7
	object_event 14, 64, SPRITE_SUPER_NERD, STAY, LEFT, TEXT_ROUTE10_SUPER_NERD2, OPP_POKEMANIAC, 2
	object_event  7, 25, SPRITE_COOLTRAINER_F, STAY, LEFT, TEXT_ROUTE10_COOLTRAINER_F1, OPP_JR_TRAINER_F, 7
	object_event  3, 61, SPRITE_HIKER, STAY, DOWN, TEXT_ROUTE10_HIKER2, OPP_HIKER, 8
	object_event  7, 54, SPRITE_COOLTRAINER_F, STAY, DOWN, TEXT_ROUTE10_COOLTRAINER_F2, OPP_JR_TRAINER_F, 8

	def_warps_to ROUTE_10


-- MAP HEADER --

	map_header Route10, ROUTE_10, OVERWORLD, SOUTH | WEST
	connection south, LavenderTown, LAVENDER_TOWN, 0
	connection west, Route9, ROUTE_9, 0
	end_map_header


-- MAP TEXT --

_Route10SuperNerd1BattleText::
	text "Wow, are you a"
	line "#MANIAC too?"
	cont "Want to see my"
	cont "collection?"
	done

_Route10SuperNerd1EndBattleText::
	text "Humph."
	line "I'm not angry!"
	prompt

_Route10SuperNerd1AfterBattleText::
	text "I have more rare"
	line "#MON at home!"
	done

_Route10Hiker1BattleText::
	text "Ha-hahah-ah-ha!"
	done

_Route10Hiker1EndBattleText::
	text "Ha-haha!"
	line "Not laughing!"
	cont "Ha-hay fever!"
	cont "Haha-ha-choo!"
	prompt

_Route10Hiker1AfterBattleText::
	text "Haha-ha-choo!"
	line "Ha-choo!"
	cont "Snort! Snivel!"
	done

_Route10SuperNerd2BattleText::
	text "Hi kid, want to"
	line "see my #MON?"
	done

_Route10SuperNerd2EndBattleText::
	text "Oh no!"
	line "My #MON!"
	prompt

_Route10SuperNerd2AfterBattleText::
	text "I don't like you"
	line "for beating me!"
	done

_Route10CooltrainerF1BattleText::
	text "I've been to a"
	line "#MON GYM a few"
	cont "times. But, I"
	cont "lost each time."
	done

_Route10CooltrainerF1EndBattleText::
	text "Ohh!"
	line "Blew it again!"
	prompt

_Route10CooltrainerF1AfterBattleText::
	text "I noticed some"
	line "#MANIACs"
	cont "prowling around."
	done

_Route10Hiker2BattleText::
	text "Ah! This mountain"
	line "air is delicious!"
	done

_Route10Hiker2EndBattleText::
	text "That"
	line "cleared my head!"
	prompt

_Route10Hiker2AfterBattleText::
	text "I feel bloated on"
	line "mountain air!"
	done

_Route10CooltrainerF2BattleText::
	text "I'm feeling a bit"
	line "faint from this"
	cont "tough hike."
	done

_Route10CooltrainerF2EndBattleText::
	text "I'm"
	line "not up to it!"
	prompt

_Route10CooltrainerF2AfterBattleText::
	text "The #MON here"
	line "are so chunky!"
	cont "There should be a"
	cont "pink one with a"
	cont "floral pattern!"
	done

_Route10RockTunnelSignText::
	text "ROCK TUNNEL"
	done

_Route10PowerPlantSignText::
	text "POWER PLANT"
	done


-- MAP SCRIPT --

Route10_Script:
	call EnableAutoTextBoxDrawing
	ld hl, Route10TrainerHeaders
	ld de, Route10_ScriptPointers
	ld a, [wRoute10CurScript]
	call ExecuteCurMapScriptInTable
	ld [wRoute10CurScript], a
	ret

Route10_ScriptPointers:
	def_script_pointers
	dw_const CheckFightingMapTrainers,              SCRIPT_ROUTE10_DEFAULT
	dw_const DisplayEnemyTrainerTextAndStartBattle, SCRIPT_ROUTE10_START_BATTLE
	dw_const EndTrainerBattle,                      SCRIPT_ROUTE10_END_BATTLE

Route10_TextPointers:
	def_text_pointers
	dw_const Route10SuperNerd1Text,     TEXT_ROUTE10_SUPER_NERD1
	dw_const Route10Hiker1Text,         TEXT_ROUTE10_HIKER1
	dw_const Route10SuperNerd2Text,     TEXT_ROUTE10_SUPER_NERD2
	dw_const Route10CooltrainerF1Text,  TEXT_ROUTE10_COOLTRAINER_F1
	dw_const Route10Hiker2Text,         TEXT_ROUTE10_HIKER2
	dw_const Route10CooltrainerF2Text,  TEXT_ROUTE10_COOLTRAINER_F2
	dw_const Route10RockTunnelSignText, TEXT_ROUTE10_ROCKTUNNEL_NORTH_SIGN
	dw_const PokeCenterSignText,        TEXT_ROUTE10_POKECENTER_SIGN
	dw_const Route10RockTunnelSignText, TEXT_ROUTE10_ROCKTUNNEL_SOUTH_SIGN
	dw_const Route10PowerPlantSignText, TEXT_ROUTE10_POWERPLANT_SIGN

Route10TrainerHeaders:
	def_trainers
Route10TrainerHeader0:
	trainer EVENT_BEAT_ROUTE_10_TRAINER_0, 4, Route10SuperNerd1BattleText, Route10SuperNerd1EndBattleText, Route10SuperNerd1AfterBattleText
Route10TrainerHeader1:
	trainer EVENT_BEAT_ROUTE_10_TRAINER_1, 3, Route10Hiker1BattleText, Route10Hiker1EndBattleText, Route10Hiker1AfterBattleText
Route10TrainerHeader2:
	trainer EVENT_BEAT_ROUTE_10_TRAINER_2, 4, Route10SuperNerd2BattleText, Route10SuperNerd2EndBattleText, Route10SuperNerd2AfterBattleText
Route10TrainerHeader3:
	trainer EVENT_BEAT_ROUTE_10_TRAINER_3, 3, Route10CooltrainerF1BattleText, Route10CooltrainerF1EndBattleText, Route10CooltrainerF1AfterBattleText
Route10TrainerHeader4:
	trainer EVENT_BEAT_ROUTE_10_TRAINER_4, 2, Route10Hiker2BattleText, Route10Hiker2EndBattleText, Route10Hiker2AfterBattleText
Route10TrainerHeader5:
	trainer EVENT_BEAT_ROUTE_10_TRAINER_5, 2, Route10CooltrainerF2BattleText, Route10CooltrainerF2EndBattleText, Route10CooltrainerF2AfterBattleText
	db -1 ; end

Route10SuperNerd1Text:
	text_asm
	ld hl, Route10TrainerHeader0
	call TalkToTrainer
	jp TextScriptEnd

Route10SuperNerd1BattleText:
	text_far _Route10SuperNerd1BattleText
	text_end

Route10SuperNerd1EndBattleText:
	text_far _Route10SuperNerd1EndBattleText
	text_end

Route10SuperNerd1AfterBattleText:
	text_far _Route10SuperNerd1AfterBattleText
	text_end

Route10Hiker1Text:
	text_asm
	ld hl, Route10TrainerHeader1
	call TalkToTrainer
	jp TextScriptEnd

Route10Hiker1BattleText:
	text_far _Route10Hiker1BattleText
	text_end

Route10Hiker1EndBattleText:
	text_far _Route10Hiker1EndBattleText
	text_end

Route10Hiker1AfterBattleText:
	text_far _Route10Hiker1AfterBattleText
	text_end

Route10SuperNerd2Text:
	text_asm
	ld hl, Route10TrainerHeader2
	call TalkToTrainer
	jp TextScriptEnd

Route10SuperNerd2BattleText:
	text_far _Route10SuperNerd2BattleText
	text_end

Route10SuperNerd2EndBattleText:
	text_far _Route10SuperNerd2EndBattleText
	text_end

Route10SuperNerd2AfterBattleText:
	text_far _Route10SuperNerd2AfterBattleText
	text_end

Route10CooltrainerF1Text:
	text_asm
	ld hl, Route10TrainerHeader3
	call TalkToTrainer
	jp TextScriptEnd

Route10CooltrainerF1BattleText:
	text_far _Route10CooltrainerF1BattleText
	text_end

Route10CooltrainerF1EndBattleText:
	text_far _Route10CooltrainerF1EndBattleText
	text_end

Route10CooltrainerF1AfterBattleText:
	text_far _Route10CooltrainerF1AfterBattleText
	text_end

Route10Hiker2Text:
	text_asm
	ld hl, Route10TrainerHeader4
	call TalkToTrainer
	jp TextScriptEnd

Route10Hiker2BattleText:
	text_far _Route10Hiker2BattleText
	text_end

Route10Hiker2EndBattleText:
	text_far _Route10Hiker2EndBattleText
	text_end

Route10Hiker2AfterBattleText:
	text_far _Route10Hiker2AfterBattleText
	text_end

Route10CooltrainerF2Text:
	text_asm
	ld hl, Route10TrainerHeader5
	call TalkToTrainer
	jp TextScriptEnd

Route10CooltrainerF2BattleText:
	text_far _Route10CooltrainerF2BattleText
	text_end

Route10CooltrainerF2EndBattleText:
	text_far _Route10CooltrainerF2EndBattleText
	text_end

Route10CooltrainerF2AfterBattleText:
	text_far _Route10CooltrainerF2AfterBattleText
	text_end

Route10RockTunnelSignText:
	text_far _Route10RockTunnelSignText
	text_end

Route10PowerPlantSignText:
	text_far _Route10PowerPlantSignText
	text_end
