-- MAP OBJECT --

	object_const_def
	const_export ROUTE25_YOUNGSTER1
	const_export ROUTE25_YOUNGSTER2
	const_export ROUTE25_COOLTRAINER_M
	const_export ROUTE25_COOLTRAINER_F1
	const_export ROUTE25_YOUNGSTER3
	const_export ROUTE25_COOLTRAINER_F2
	const_export ROUTE25_HIKER1
	const_export ROUTE25_HIKER2
	const_export ROUTE25_HIKER3
	const_export ROUTE25_TM_SEISMIC_TOSS

Route25_Object:
	db $2c ; border block

	def_warp_events
	warp_event 45,  3, BILLS_HOUSE, 1

	def_bg_events
	bg_event 43,  3, TEXT_ROUTE25_BILL_SIGN

	def_object_events
	object_event 14,  2, SPRITE_YOUNGSTER, STAY, DOWN, TEXT_ROUTE25_YOUNGSTER1, OPP_YOUNGSTER, 5
	object_event 18,  5, SPRITE_YOUNGSTER, STAY, UP, TEXT_ROUTE25_YOUNGSTER2, OPP_YOUNGSTER, 6
	object_event 24,  4, SPRITE_COOLTRAINER_M, STAY, DOWN, TEXT_ROUTE25_COOLTRAINER_M, OPP_JR_TRAINER_M, 2
	object_event 18,  8, SPRITE_COOLTRAINER_F, STAY, RIGHT, TEXT_ROUTE25_COOLTRAINER_F1, OPP_LASS, 9
	object_event 32,  3, SPRITE_YOUNGSTER, STAY, LEFT, TEXT_ROUTE25_YOUNGSTER3, OPP_YOUNGSTER, 7
	object_event 37,  4, SPRITE_COOLTRAINER_F, STAY, DOWN, TEXT_ROUTE25_COOLTRAINER_F2, OPP_LASS, 10
	object_event  8,  4, SPRITE_HIKER, STAY, RIGHT, TEXT_ROUTE25_HIKER1, OPP_HIKER, 2
	object_event 23,  9, SPRITE_HIKER, STAY, UP, TEXT_ROUTE25_HIKER2, OPP_HIKER, 3
	object_event 13,  7, SPRITE_HIKER, STAY, RIGHT, TEXT_ROUTE25_HIKER3, OPP_HIKER, 4
	object_event 22,  2, SPRITE_POKE_BALL, STAY, NONE, TEXT_ROUTE25_TM_SEISMIC_TOSS, TM_SEISMIC_TOSS

	def_warps_to ROUTE_25


-- MAP HEADER --

	map_header Route25, ROUTE_25, OVERWORLD, WEST
	connection west, Route24, ROUTE_24, 0
	end_map_header


-- MAP TEXT --

_Route25Youngster1BattleText::
	text "Local trainers"
	line "come here to"
	cont "practice!"
	done

_Route25Youngster1EndBattleText::
	text "You're"
	line "decent."
	prompt

_Route25Youngster1AfterBattleText::
	text "All #MON have"
	line "weaknesses. It's"
	cont "best to raise"
	cont "different kinds."
	done

_Route25Youngster2BattleText::
	text "Dad took me to a"
	line "great party on"
	cont "S.S.ANNE at"
	cont "VERMILION CITY!"
	done

_Route25Youngster2EndBattleText::
	text "I'm"
	line "not mad!"
	prompt

_Route25Youngster2AfterBattleText::
	text "On S.S.ANNE, I"
	line "saw trainers from"
	cont "around the world."
	done

_Route25CooltrainerMBattleText::
	text "I'm a cool guy."
	line "I've got a girl"
	cont "friend!"
	done

_Route25CooltrainerMEndBattleText::
	text "Aww,"
	line "darn..."
	prompt

_Route25CooltrainerMAfterBattleText::
	text "Oh well. My girl"
	line "will cheer me up."
	done

_Route25CooltrainerF1BattleText::
	text "Hi! My boy"
	line "friend is cool!"
	done

_Route25CooltrainerF1EndBattleText::
	text "I was in"
	line "bad condition!"
	prompt

_Route25CooltrainerF1AfterBattleText::
	text "I wish my guy was"
	line "as good as you!"
	done

_Route25Youngster3BattleText::
	text "I knew I had to"
	line "fight you!"
	done

_Route25Youngster3EndBattleText::
	text "I knew"
	line "I'd lose too!"
	prompt

_Route25Youngster3AfterBattleText::
	text "If your #MON"
	line "gets confused or"
	cont "falls asleep,"
	cont "switch it!"
	done

_Route25CooltrainerF2BattleText::
	text "My friend has a"
	line "cute #MON."
	cont "I'm so jealous!"
	done

_Route25CooltrainerF2EndBattleText::
	text "I'm"
	line "not so jealous!"
	prompt

_Route25CooltrainerF2AfterBattleText::
	text "You came from MT."
	line "MOON? May I have"
	cont "a CLEFAIRY?"
	done

_Route25Hiker1BattleText::
	text "I just got down"
	line "from MT.MOON,"
	cont "but I'm ready!"
	done

_Route25Hiker1EndBattleText::
	text "You"
	line "worked hard!"
	prompt

_Route25Hiker1AfterBattleText::
	text "Drat!"
	line "A ZUBAT bit me"
	cont "back in there."
	done

_Route25Hiker2BattleText::
	text "I'm off to see a"
	line "#MON collector"
	cont "at the cape!"
	done

_Route25Hiker2EndBattleText::
	text "You"
	line "got me."
	prompt

_Route25Hiker2AfterBattleText::
	text "The collector has"
	line "many rare kinds"
	cont "of #MON."
	done

_Route25Hiker3BattleText::
	text "You're going to"
	line "see BILL? First,"
	cont "let's fight!"
	done

_Route25Hiker3EndBattleText::
	text "You're"
	line "something."
	prompt

_Route25Hiker3AfterBattleText::
	text "The trail below"
	line "is a shortcut to"
	cont "CERULEAN CITY."
	done

_Route25BillSignText::
	text "SEA COTTAGE"
	line "BILL lives here!"
	done


-- MAP SCRIPT --

Route25_Script:
	call Route25ShowHideBillScript
	call EnableAutoTextBoxDrawing
	ld hl, Route25TrainerHeaders
	ld de, Route25_ScriptPointers
	ld a, [wRoute25CurScript]
	call ExecuteCurMapScriptInTable
	ld [wRoute25CurScript], a
	ret

Route25ShowHideBillScript:
	ld hl, wCurrentMapScriptFlags
	bit 6, [hl]
	res 6, [hl]
	ret z
	CheckEventHL EVENT_LEFT_BILLS_HOUSE_AFTER_HELPING
	ret nz
	CheckEventReuseHL EVENT_MET_BILL_2
	jr nz, .met_bill
	ResetEventReuseHL EVENT_BILL_SAID_USE_CELL_SEPARATOR
	ld a, HS_BILL_POKEMON
	ld [wMissableObjectIndex], a
	predef_jump ShowObject
.met_bill
	CheckEventAfterBranchReuseHL EVENT_GOT_SS_TICKET, EVENT_MET_BILL_2
	ret z
	SetEventReuseHL EVENT_LEFT_BILLS_HOUSE_AFTER_HELPING
	ld a, HS_NUGGET_BRIDGE_GUY
	ld [wMissableObjectIndex], a
	predef HideObject
	ld a, HS_BILL_1
	ld [wMissableObjectIndex], a
	predef HideObject
	ld a, HS_BILL_2
	ld [wMissableObjectIndex], a
	predef_jump ShowObject

Route25_ScriptPointers:
	def_script_pointers
	dw_const CheckFightingMapTrainers,              SCRIPT_ROUTE25_DEFAULT
	dw_const DisplayEnemyTrainerTextAndStartBattle, SCRIPT_ROUTE25_START_BATTLE
	dw_const EndTrainerBattle,                      SCRIPT_ROUTE25_END_BATTLE

Route25_TextPointers:
	def_text_pointers
	dw_const Route25Youngster1Text,    TEXT_ROUTE25_YOUNGSTER1
	dw_const Route25Youngster2Text,    TEXT_ROUTE25_YOUNGSTER2
	dw_const Route25CooltrainerMText,  TEXT_ROUTE25_COOLTRAINER_M
	dw_const Route25CooltrainerF1Text, TEXT_ROUTE25_COOLTRAINER_F1
	dw_const Route25Youngster3Text,    TEXT_ROUTE25_YOUNGSTER3
	dw_const Route25CooltrainerF2Text, TEXT_ROUTE25_COOLTRAINER_F2
	dw_const Route25Hiker1Text,        TEXT_ROUTE25_HIKER1
	dw_const Route25Hiker2Text,        TEXT_ROUTE25_HIKER2
	dw_const Route25Hiker3Text,        TEXT_ROUTE25_HIKER3
	dw_const PickUpItemText,           TEXT_ROUTE25_TM_SEISMIC_TOSS
	dw_const Route25BillSignText,      TEXT_ROUTE25_BILL_SIGN

Route25TrainerHeaders:
	def_trainers
Route25TrainerHeader0:
	trainer EVENT_BEAT_ROUTE_25_TRAINER_0, 2, Route25Youngster1BattleText, Route25Youngster1EndBattleText, Route25Youngster1AfterBattleText
Route25TrainerHeader1:
	trainer EVENT_BEAT_ROUTE_25_TRAINER_1, 3, Route25Youngster2BattleText, Route25Youngster2EndBattleText, Route25Youngster2AfterBattleText
Route25TrainerHeader2:
	trainer EVENT_BEAT_ROUTE_25_TRAINER_2, 3, Route25CooltrainerMBattleText, Route25CooltrainerMEndBattleText, Route25CooltrainerMAfterBattleText
Route25TrainerHeader3:
	trainer EVENT_BEAT_ROUTE_25_TRAINER_3, 2, Route25CooltrainerF1BattleText, Route25CooltrainerF1EndBattleText, Route25CooltrainerF1AfterBattleText
Route25TrainerHeader4:
	trainer EVENT_BEAT_ROUTE_25_TRAINER_4, 4, Route25Youngster3BattleText, Route25Youngster3EndBattleText, Route25Youngster3AfterBattleText
Route25TrainerHeader5:
	trainer EVENT_BEAT_ROUTE_25_TRAINER_5, 4, Route25CooltrainerF2BattleText, Route25CooltrainerF2EndBattleText, Route25CooltrainerF2AfterBattleText
Route25TrainerHeader6:
	trainer EVENT_BEAT_ROUTE_25_TRAINER_6, 3, Route25Hiker1BattleText, Route25Hiker1EndBattleText, Route25Hiker1AfterBattleText
Route25TrainerHeader7:
	trainer EVENT_BEAT_ROUTE_25_TRAINER_7, 2, Route25Hiker2BattleText, Route25Hiker2EndBattleText, Route25Hiker2AfterBattleText
Route25TrainerHeader8:
	trainer EVENT_BEAT_ROUTE_25_TRAINER_8, 2, Route25Hiker3BattleText, Route25Hiker3EndBattleText, Route25Hiker3AfterBattleText
	db -1 ; end

Route25Youngster1Text:
	text_asm
	ld hl, Route25TrainerHeader0
	call TalkToTrainer
	jp TextScriptEnd

Route25Youngster2Text:
	text_asm
	ld hl, Route25TrainerHeader1
	call TalkToTrainer
	jp TextScriptEnd

Route25CooltrainerMText:
	text_asm
	ld hl, Route25TrainerHeader2
	call TalkToTrainer
	jp TextScriptEnd

Route25CooltrainerF1Text:
	text_asm
	ld hl, Route25TrainerHeader3
	call TalkToTrainer
	jp TextScriptEnd

Route25Youngster3Text:
	text_asm
	ld hl, Route25TrainerHeader4
	call TalkToTrainer
	jp TextScriptEnd

Route25CooltrainerF2Text:
	text_asm
	ld hl, Route25TrainerHeader5
	call TalkToTrainer
	jp TextScriptEnd

Route25Hiker1Text:
	text_asm
	ld hl, Route25TrainerHeader6
	call TalkToTrainer
	jp TextScriptEnd

Route25Hiker2Text:
	text_asm
	ld hl, Route25TrainerHeader7
	call TalkToTrainer
	jp TextScriptEnd

Route25Hiker3Text:
	text_asm
	ld hl, Route25TrainerHeader8
	call TalkToTrainer
	jp TextScriptEnd

Route25Youngster1BattleText:
	text_far _Route25Youngster1BattleText
	text_end

Route25Youngster1EndBattleText:
	text_far _Route25Youngster1EndBattleText
	text_end

Route25Youngster1AfterBattleText:
	text_far _Route25Youngster1AfterBattleText
	text_end

Route25Youngster2BattleText:
	text_far _Route25Youngster2BattleText
	text_end

Route25Youngster2EndBattleText:
	text_far _Route25Youngster2EndBattleText
	text_end

Route25Youngster2AfterBattleText:
	text_far _Route25Youngster2AfterBattleText
	text_end

Route25CooltrainerMBattleText:
	text_far _Route25CooltrainerMBattleText
	text_end

Route25CooltrainerMEndBattleText:
	text_far _Route25CooltrainerMEndBattleText
	text_end

Route25CooltrainerMAfterBattleText:
	text_far _Route25CooltrainerMAfterBattleText
	text_end

Route25CooltrainerF1BattleText:
	text_far _Route25CooltrainerF1BattleText
	text_end

Route25CooltrainerF1EndBattleText:
	text_far _Route25CooltrainerF1EndBattleText
	text_end

Route25CooltrainerF1AfterBattleText:
	text_far _Route25CooltrainerF1AfterBattleText
	text_end

Route25Youngster3BattleText:
	text_far _Route25Youngster3BattleText
	text_end

Route25Youngster3EndBattleText:
	text_far _Route25Youngster3EndBattleText
	text_end

Route25Youngster3AfterBattleText:
	text_far _Route25Youngster3AfterBattleText
	text_end

Route25CooltrainerF2BattleText:
	text_far _Route25CooltrainerF2BattleText
	text_end

Route25CooltrainerF2EndBattleText:
	text_far _Route25CooltrainerF2EndBattleText
	text_end

Route25CooltrainerF2AfterBattleText:
	text_far _Route25CooltrainerF2AfterBattleText
	text_end

Route25Hiker1BattleText:
	text_far _Route25Hiker1BattleText
	text_end

Route25Hiker1EndBattleText:
	text_far _Route25Hiker1EndBattleText
	text_end

Route25Hiker1AfterBattleText:
	text_far _Route25Hiker1AfterBattleText
	text_end

Route25Hiker2BattleText:
	text_far _Route25Hiker2BattleText
	text_end

Route25Hiker2EndBattleText:
	text_far _Route25Hiker2EndBattleText
	text_end

Route25Hiker2AfterBattleText:
	text_far _Route25Hiker2AfterBattleText
	text_end

Route25Hiker3BattleText:
	text_far _Route25Hiker3BattleText
	text_end

Route25Hiker3EndBattleText:
	text_far _Route25Hiker3EndBattleText
	text_end

Route25Hiker3AfterBattleText:
	text_far _Route25Hiker3AfterBattleText
	text_end

Route25BillSignText:
	text_far _Route25BillSignText
	text_end
