-- MAP OBJECT --

	object_const_def
	const_export ROUTE15GATE2F_OAKS_AIDE

Route15Gate2F_Object:
	db $a ; border block

	def_warp_events
	warp_event  7,  7, ROUTE_15_GATE_1F, 5

	def_bg_events
	bg_event  6,  2, TEXT_ROUTE15GATE2F_BINOCULARS

	def_object_events
	object_event  4,  2, SPRITE_SCIENTIST, STAY, DOWN, TEXT_ROUTE15GATE2F_OAKS_AIDE

	def_warps_to ROUTE_15_GATE_2F


-- MAP HEADER --

	map_header Route15Gate2F, ROUTE_15_GATE_2F, GATE, 0
	end_map_header


-- MAP TEXT --

_Route15Gate2FOaksAideExpAllText::
	text "EXP.ALL gives"
	line "EXP points to all"
	cont "the #MON with"
	cont "you, even if they"
	cont "don't fight."

	para "It does, however,"
	line "reduce the amount"
	cont "of EXP for each"
	cont "#MON."

	para "If you don't need"
	line "it, you should "
	cont "store it via PC."
	done

_Route15Gate2FBinocularsText::
	text "Looked into the"
	line "binoculars."

	para "It looks like a"
	line "small island!"
	done


-- MAP SCRIPT --

Route15Gate2F_Script:
	jp DisableAutoTextBoxDrawing

Route15Gate2F_TextPointers:
	def_text_pointers
	dw_const Route15Gate2FOaksAideText,   TEXT_ROUTE15GATE2F_OAKS_AIDE
	dw_const Route15Gate2FBinocularsText, TEXT_ROUTE15GATE2F_BINOCULARS

Route15Gate2FOaksAideText:
	text_asm
	CheckEvent EVENT_GOT_EXP_ALL
	jr nz, .got_item
	ld a, 50
	ldh [hOaksAideRequirement], a
	ld a, EXP_ALL
	ldh [hOaksAideRewardItem], a
	ld [wd11e], a
	call GetItemName
	ld hl, wcd6d
	ld de, wOaksAideRewardItemName
	ld bc, ITEM_NAME_LENGTH
	call CopyData
	predef OaksAideScript
	ldh a, [hOaksAideResult]
	cp OAKS_AIDE_GOT_ITEM
	jr nz, .no_item
	SetEvent EVENT_GOT_EXP_ALL
.got_item
	ld hl, .ExpAllText
	call PrintText
.no_item
	jp TextScriptEnd

.ExpAllText:
	text_far _Route15Gate2FOaksAideExpAllText
	text_end

Route15Gate2FBinocularsText:
	text_asm
	ld hl, .Text
	jp GateUpstairsScript_PrintIfFacingUp

.Text:
	text_far _Route15Gate2FBinocularsText
	text_end
