-- MAP OBJECT --

	object_const_def
	const_export ROUTE1_YOUNGSTER1
	const_export ROUTE1_YOUNGSTER2

Route1_Object:
	db $b ; border block

	def_warp_events

	def_bg_events
	bg_event  9, 27, TEXT_ROUTE1_SIGN

	def_object_events
	object_event  5, 24, SPRITE_YOUNGSTER, WALK, UP_DOWN, TEXT_ROUTE1_YOUNGSTER1
	object_event 15, 13, SPRITE_YOUNGSTER, WALK, LEFT_RIGHT, TEXT_ROUTE1_YOUNGSTER2

	def_warps_to ROUTE_1

	; unused
	warp_to 2, 7, 4


-- MAP HEADER --

	map_header Route1, ROUTE_1, OVERWORLD, NORTH | SOUTH
	connection north, ViridianCity, VIRIDIAN_CITY, -5
	connection south, PalletTown, PALLET_TOWN, 0
	end_map_header


-- MAP TEXT --

_Route1Youngster1MartSampleText::
	text "Hi! I work at a"
	line "#MON MART."

	para "It's a convenient"
	line "shop, so please"
	cont "visit us in"
	cont "VIRIDIAN CITY."

	para "I know, I'll give"
	line "you a sample!"
	cont "Here you go!"
	prompt

_Route1Youngster1GotPotionText::
	text "<PLAYER> got"
	line "@"
	text_ram wStringBuffer
	text "!@"
	text_end

_Route1Youngster1AlsoGotPokeballsText::
	text "We also carry"
	line "# BALLs for"
	cont "catching #MON!"
	done

_Route1Youngster1NoRoomText::
	text "You have too much"
	line "stuff with you!"
	done

_Route1Youngster2Text::
	text "See those ledges"
	line "along the road?"

	para "It's a bit scary,"
	line "but you can jump"
	cont "from them."

	para "You can get back"
	line "to PALLET TOWN"
	cont "quicker that way."
	done

_Route1SignText::
	text "ROUTE 1"
	line "PALLET TOWN -"
	cont "VIRIDIAN CITY"
	done


-- MAP SCRIPT --

Route1_Script:
	jp EnableAutoTextBoxDrawing

Route1_TextPointers:
	def_text_pointers
	dw_const Route1Youngster1Text, TEXT_ROUTE1_YOUNGSTER1
	dw_const Route1Youngster2Text, TEXT_ROUTE1_YOUNGSTER2
	dw_const Route1SignText,       TEXT_ROUTE1_SIGN

Route1Youngster1Text:
	text_asm
	CheckAndSetEvent EVENT_GOT_POTION_SAMPLE
	jr nz, .got_item
	ld hl, .MartSampleText
	call PrintText
	lb bc, POTION, 1
	call GiveItem
	jr nc, .bag_full
	ld hl, .GotPotionText
	jr .done
.bag_full
	ld hl, .NoRoomText
	jr .done
.got_item
	ld hl, .AlsoGotPokeballsText
.done
	call PrintText
	jp TextScriptEnd

.MartSampleText:
	text_far _Route1Youngster1MartSampleText
	text_end

.GotPotionText:
	text_far _Route1Youngster1GotPotionText
	sound_get_item_1
	text_end

.AlsoGotPokeballsText:
	text_far _Route1Youngster1AlsoGotPokeballsText
	text_end

.NoRoomText:
	text_far _Route1Youngster1NoRoomText
	text_end

Route1Youngster2Text:
	text_far _Route1Youngster2Text
	text_end

Route1SignText:
	text_far _Route1SignText
	text_end
