-- MAP OBJECT --

	object_const_def
	const_export ROUTE21_FISHER1
	const_export ROUTE21_FISHER2
	const_export ROUTE21_SWIMMER1
	const_export ROUTE21_SWIMMER2
	const_export ROUTE21_SWIMMER3
	const_export ROUTE21_SWIMMER4
	const_export ROUTE21_SWIMMER5
	const_export ROUTE21_FISHER3
	const_export ROUTE21_FISHER4

Route21_Object:
	db $43 ; border block

	def_warp_events

	def_bg_events

	def_object_events
	object_event  4, 24, SPRITE_FISHER, STAY, LEFT, TEXT_ROUTE21_FISHER1, OPP_FISHER, 7
	object_event  6, 25, SPRITE_FISHER, STAY, DOWN, TEXT_ROUTE21_FISHER2, OPP_FISHER, 9
	object_event 10, 31, SPRITE_SWIMMER, STAY, UP, TEXT_ROUTE21_SWIMMER1, OPP_SWIMMER, 12
	object_event 12, 30, SPRITE_SWIMMER, STAY, RIGHT, TEXT_ROUTE21_SWIMMER2, OPP_CUE_BALL, 9
	object_event 16, 63, SPRITE_SWIMMER, STAY, DOWN, TEXT_ROUTE21_SWIMMER3, OPP_SWIMMER, 13
	object_event  5, 71, SPRITE_SWIMMER, STAY, RIGHT, TEXT_ROUTE21_SWIMMER4, OPP_SWIMMER, 14
	object_event 15, 71, SPRITE_SWIMMER, STAY, LEFT, TEXT_ROUTE21_SWIMMER5, OPP_SWIMMER, 15
	object_event 14, 56, SPRITE_FISHER, STAY, LEFT, TEXT_ROUTE21_FISHER3, OPP_FISHER, 8
	object_event 17, 57, SPRITE_FISHER, STAY, RIGHT, TEXT_ROUTE21_FISHER4, OPP_FISHER, 10

	def_warps_to ROUTE_21


-- MAP HEADER --

	map_header Route21, ROUTE_21, OVERWORLD, NORTH | SOUTH
	connection north, PalletTown, PALLET_TOWN, 0
	connection south, CinnabarIsland, CINNABAR_ISLAND, 0
	end_map_header


-- MAP TEXT --

_Route21Fisher1BattleText::
	text "You want to know"
	line "if the fish are"
	cont "biting?"
	done

_Route21Fisher1EndBattleText::
	text "Dang!"
	prompt

_Route21Fisher1AfterBattleText::
	text "I can't catch"
	line "anything good!"
	done

_Route21Fisher2BattleText::
	text "I got a big haul!"
	line "Wanna go for it?"
	done

_Route21Fisher2EndBattleText::
	text "Darn"
	line "MAGIKARP!"
	prompt

_Route21Fisher2AfterBattleText::
	text "I seem to only"
	line "catch MAGIKARP!"
	done

_Route21Swimmer1BattleText::
	text "The sea cleanses"
	line "my body and soul!"
	done

_Route21Swimmer1EndBattleText::
	text "Ayah!"
	prompt

_Route21Swimmer1AfterBattleText::
	text "I like the"
	line "mountains too!"
	done

_Route21Swimmer2BattleText::
	text "What's wrong with"
	line "me swimming?"
	done

_Route21Swimmer2EndBattleText::
	text "Cheap"
	line "shot!"
	prompt

_Route21Swimmer2AfterBattleText::
	text "I look like what?"
	line "A studded inner"
	cont "tube? Get lost!"
	done

_Route21Swimmer3BattleText::
	text "I caught all my"
	line "#MON at sea!"
	done

_Route21Swimmer3EndBattleText::
	text "Diver!!"
	line "Down!!"
	prompt

_Route21Swimmer3AfterBattleText::
	text "Where'd you catch"
	line "your #MON?"
	done

_Route21Swimmer4BattleText::
	text "Right now, I'm in"
	line "a triathlon meet!"
	done

_Route21Swimmer4EndBattleText::
	text "Pant..."
	line "pant...pant..."
	prompt

_Route21Swimmer4AfterBattleText::
	text "I'm beat!"
	line "But, I still have"
	cont "the bike race and"
	cont "marathon left!"
	done

_Route21Swimmer5BattleText::
	text "Ahh! Feel the sun"
	line "and the wind!"
	done

_Route21Swimmer5EndBattleText::
	text "Yow!"
	line "I lost!"
	prompt

_Route21Swimmer5AfterBattleText::
	text "I'm sunburnt to a"
	line "crisp!"
	done

_Route21Fisher3BattleText::
	text "Hey, don't scare"
	line "away the fish!"
	done

_Route21Fisher3EndBattleText::
	text "Sorry!"
	line "I didn't mean it!"
	prompt

_Route21Fisher3AfterBattleText::
	text "I was just angry"
	line "that I couldn't"
	cont "catch anything."
	done

_Route21Fisher4BattleText::
	text "Keep me company"
	line "'til I get a hit!"
	done

_Route21Fisher4EndBattleText::
	text "That"
	line "burned some time."
	prompt

_Route21Fisher4AfterBattleText::
	text "Oh wait! I got a"
	line "bite! Yeah!"
	done


-- MAP SCRIPT --

Route21_Script:
	call EnableAutoTextBoxDrawing
	ld hl, Route21TrainerHeaders
	ld de, Route21_ScriptPointers
	ld a, [wRoute21CurScript]
	call ExecuteCurMapScriptInTable
	ld [wRoute21CurScript], a
	ret

Route21_ScriptPointers:
	def_script_pointers
	dw_const CheckFightingMapTrainers,              SCRIPT_ROUTE21_DEFAULT
	dw_const DisplayEnemyTrainerTextAndStartBattle, SCRIPT_ROUTE21_START_BATTLE
	dw_const EndTrainerBattle,                      SCRIPT_ROUTE21_END_BATTLE

Route21_TextPointers:
	def_text_pointers
	dw_const Route21Fisher1Text,  TEXT_ROUTE21_FISHER1
	dw_const Route21Fisher2Text,  TEXT_ROUTE21_FISHER2
	dw_const Route21Swimmer1Text, TEXT_ROUTE21_SWIMMER1
	dw_const Route21Swimmer2Text, TEXT_ROUTE21_SWIMMER2
	dw_const Route21Swimmer3Text, TEXT_ROUTE21_SWIMMER3
	dw_const Route21Swimmer4Text, TEXT_ROUTE21_SWIMMER4
	dw_const Route21Swimmer5Text, TEXT_ROUTE21_SWIMMER5
	dw_const Route21Fisher3Text,  TEXT_ROUTE21_FISHER3
	dw_const Route21Fisher4Text,  TEXT_ROUTE21_FISHER4

Route21TrainerHeaders:
	def_trainers
Route21TrainerHeader0:
	trainer EVENT_BEAT_ROUTE_21_TRAINER_0, 0, Route21Fisher1BattleText, Route21Fisher1EndBattleText, Route21Fisher1AfterBattleText
Route21TrainerHeader1:
	trainer EVENT_BEAT_ROUTE_21_TRAINER_1, 0, Route21Fisher2BattleText, Route21Fisher2EndBattleText, Route21Fisher2AfterBattleText
Route21TrainerHeader2:
	trainer EVENT_BEAT_ROUTE_21_TRAINER_2, 4, Route21Swimmer1BattleText, Route21Swimmer1EndBattleText, Route21Swimmer1AfterBattleText
Route21TrainerHeader3:
	trainer EVENT_BEAT_ROUTE_21_TRAINER_3, 4, Route21Swimmer2BattleText, Route21Swimmer2EndBattleText, Route21Swimmer2AfterBattleText
Route21TrainerHeader4:
	trainer EVENT_BEAT_ROUTE_21_TRAINER_4, 4, Route21Swimmer3BattleText, Route21Swimmer3EndBattleText, Route21Swimmer3AfterBattleText
Route21TrainerHeader5:
	trainer EVENT_BEAT_ROUTE_21_TRAINER_5, 4, Route21Swimmer4BattleText, Route21Swimmer4EndBattleText, Route21Swimmer4AfterBattleText
Route21TrainerHeader6:
	trainer EVENT_BEAT_ROUTE_21_TRAINER_6, 3, Route21Swimmer5BattleText, Route21Swimmer5EndBattleText, Route21Swimmer5AfterBattleText
Route21TrainerHeader7:
	trainer EVENT_BEAT_ROUTE_21_TRAINER_7, 0, Route21Fisher3BattleText, Route21Fisher3EndBattleText, Route21Fisher3AfterBattleText
Route21TrainerHeader8:
	trainer EVENT_BEAT_ROUTE_21_TRAINER_8, 0, Route21Fisher4BattleText, Route21Fisher4EndBattleText, Route21Fisher4AfterBattleText
	db -1 ; end

Route21Fisher1Text:
	text_asm
	ld hl, Route21TrainerHeader0
	call TalkToTrainer
	jp TextScriptEnd

Route21Fisher2Text:
	text_asm
	ld hl, Route21TrainerHeader1
	call TalkToTrainer
	jp TextScriptEnd

Route21Swimmer1Text:
	text_asm
	ld hl, Route21TrainerHeader2
	call TalkToTrainer
	jp TextScriptEnd

Route21Swimmer2Text:
	text_asm
	ld hl, Route21TrainerHeader3
	call TalkToTrainer
	jp TextScriptEnd

Route21Swimmer3Text:
	text_asm
	ld hl, Route21TrainerHeader4
	call TalkToTrainer
	jp TextScriptEnd

Route21Swimmer4Text:
	text_asm
	ld hl, Route21TrainerHeader5
	call TalkToTrainer
	jp TextScriptEnd

Route21Swimmer5Text:
	text_asm
	ld hl, Route21TrainerHeader6
	call TalkToTrainer
	jp TextScriptEnd

Route21Fisher3Text:
	text_asm
	ld hl, Route21TrainerHeader7
	call TalkToTrainer
	jp TextScriptEnd

Route21Fisher4Text:
	text_asm
	ld hl, Route21TrainerHeader8
	call TalkToTrainer
	jp TextScriptEnd

Route21Fisher1BattleText:
	text_far _Route21Fisher1BattleText
	text_end

Route21Fisher1EndBattleText:
	text_far _Route21Fisher1EndBattleText
	text_end

Route21Fisher1AfterBattleText:
	text_far _Route21Fisher1AfterBattleText
	text_end

Route21Fisher2BattleText:
	text_far _Route21Fisher2BattleText
	text_end

Route21Fisher2EndBattleText:
	text_far _Route21Fisher2EndBattleText
	text_end

Route21Fisher2AfterBattleText:
	text_far _Route21Fisher2AfterBattleText
	text_end

Route21Swimmer1BattleText:
	text_far _Route21Swimmer1BattleText
	text_end

Route21Swimmer1EndBattleText:
	text_far _Route21Swimmer1EndBattleText
	text_end

Route21Swimmer1AfterBattleText:
	text_far _Route21Swimmer1AfterBattleText
	text_end

Route21Swimmer2BattleText:
	text_far _Route21Swimmer2BattleText
	text_end

Route21Swimmer2EndBattleText:
	text_far _Route21Swimmer2EndBattleText
	text_end

Route21Swimmer2AfterBattleText:
	text_far _Route21Swimmer2AfterBattleText
	text_end

Route21Swimmer3BattleText:
	text_far _Route21Swimmer3BattleText
	text_end

Route21Swimmer3EndBattleText:
	text_far _Route21Swimmer3EndBattleText
	text_end

Route21Swimmer3AfterBattleText:
	text_far _Route21Swimmer3AfterBattleText
	text_end

Route21Swimmer4BattleText:
	text_far _Route21Swimmer4BattleText
	text_end

Route21Swimmer4EndBattleText:
	text_far _Route21Swimmer4EndBattleText
	text_end

Route21Swimmer4AfterBattleText:
	text_far _Route21Swimmer4AfterBattleText
	text_end

Route21Swimmer5BattleText:
	text_far _Route21Swimmer5BattleText
	text_end

Route21Swimmer5EndBattleText:
	text_far _Route21Swimmer5EndBattleText
	text_end

Route21Swimmer5AfterBattleText:
	text_far _Route21Swimmer5AfterBattleText
	text_end

Route21Fisher3BattleText:
	text_far _Route21Fisher3BattleText
	text_end

Route21Fisher3EndBattleText:
	text_far _Route21Fisher3EndBattleText
	text_end

Route21Fisher3AfterBattleText:
	text_far _Route21Fisher3AfterBattleText
	text_end

Route21Fisher4BattleText:
	text_far _Route21Fisher4BattleText
	text_end

Route21Fisher4EndBattleText:
	text_far _Route21Fisher4EndBattleText
	text_end

Route21Fisher4AfterBattleText:
	text_far _Route21Fisher4AfterBattleText
	text_end
