-- MAP OBJECT --

	object_const_def
	const_export SAFARIZONECENTERRESTHOUSE_GIRL
	const_export SAFARIZONECENTERRESTHOUSE_SCIENTIST

SafariZoneCenterRestHouse_Object:
	db $a ; border block

	def_warp_events
	warp_event  2,  7, SAFARI_ZONE_CENTER, 9
	warp_event  3,  7, SAFARI_ZONE_CENTER, 9

	def_bg_events

	def_object_events
	object_event  3,  2, SPRITE_GIRL, STAY, DOWN, TEXT_SAFARIZONECENTERRESTHOUSE_GIRL
	object_event  1,  4, SPRITE_SCIENTIST, WALK, UP_DOWN, TEXT_SAFARIZONECENTERRESTHOUSE_SCIENTIST

	def_warps_to SAFARI_ZONE_CENTER_REST_HOUSE


-- MAP HEADER --

	map_header SafariZoneCenterRestHouse, SAFARI_ZONE_CENTER_REST_HOUSE, GATE, 0
	end_map_header


-- MAP TEXT --

_SafariZoneCenterRestHouseGirlText::
	text "SARA: Where did"
	line "my boy friend,"
	cont "ERIK, go?"
	done

_SafariZoneCenterRestHouseScientistText::
	text "I'm catching"
	line "#MON to take"
	cont "home as gifts!"
	done


-- MAP SCRIPT --

SafariZoneCenterRestHouse_Script:
	jp EnableAutoTextBoxDrawing

SafariZoneCenterRestHouse_TextPointers:
	def_text_pointers
	dw_const SafariZoneCenterRestHouseGirlText,      TEXT_SAFARIZONECENTERRESTHOUSE_GIRL
	dw_const SafariZoneCenterRestHouseScientistText, TEXT_SAFARIZONECENTERRESTHOUSE_SCIENTIST

SafariZoneCenterRestHouseGirlText:
	text_far _SafariZoneCenterRestHouseGirlText
	text_end

SafariZoneCenterRestHouseScientistText:
	text_far _SafariZoneCenterRestHouseScientistText
	text_end
