-- MAP OBJECT --

	object_const_def
	const_export SILPHCO5F_SILPH_WORKER_M
	const_export SILPHCO5F_ROCKET1
	const_export SILPHCO5F_SCIENTIST
	const_export SILPHCO5F_ROCKER
	const_export SILPHCO5F_ROCKET2
	const_export SILPHCO5F_TM_TAKE_DOWN
	const_export SILPHCO5F_PROTEIN
	const_export SILPHCO5F_CARD_KEY
	const_export SILPHCO5F_POKEMON_REPORT1
	const_export SILPHCO5F_POKEMON_REPORT2
	const_export SILPHCO5F_POKEMON_REPORT3

SilphCo5F_Object:
	db $2e ; border block

	def_warp_events
	warp_event 24,  0, SILPH_CO_6F, 2
	warp_event 26,  0, SILPH_CO_4F, 2
	warp_event 20,  0, SILPH_CO_ELEVATOR, 1
	warp_event 27,  3, SILPH_CO_7F, 6
	warp_event  9, 15, SILPH_CO_9F, 5
	warp_event 11,  5, SILPH_CO_3F, 5
	warp_event  3, 15, SILPH_CO_3F, 6

	def_bg_events

	def_object_events
	object_event 13,  9, SPRITE_SILPH_WORKER_M, STAY, NONE, TEXT_SILPHCO5F_SILPH_WORKER_M
	object_event  8, 16, SPRITE_ROCKET, STAY, RIGHT, TEXT_SILPHCO5F_ROCKET1, OPP_ROCKET, 28
	object_event  8,  3, SPRITE_SCIENTIST, STAY, RIGHT, TEXT_SILPHCO5F_SCIENTIST, OPP_SCIENTIST, 6
	object_event 18, 10, SPRITE_ROCKER, STAY, UP, TEXT_SILPHCO5F_ROCKER, OPP_JUGGLER, 1
	object_event 28,  4, SPRITE_ROCKET, STAY, UP, TEXT_SILPHCO5F_ROCKET2, OPP_ROCKET, 29
	object_event  2, 13, SPRITE_POKE_BALL, STAY, NONE, TEXT_SILPHCO5F_TM_TAKE_DOWN, TM_TAKE_DOWN
	object_event  4,  6, SPRITE_POKE_BALL, STAY, NONE, TEXT_SILPHCO5F_PROTEIN, PROTEIN
	object_event 21, 16, SPRITE_POKE_BALL, STAY, NONE, TEXT_SILPHCO5F_CARD_KEY, CARD_KEY
	object_event 22, 12, SPRITE_CLIPBOARD, STAY, NONE, TEXT_SILPHCO5F_POKEMON_REPORT1
	object_event 25, 10, SPRITE_CLIPBOARD, STAY, NONE, TEXT_SILPHCO5F_POKEMON_REPORT2
	object_event 24,  6, SPRITE_CLIPBOARD, STAY, NONE, TEXT_SILPHCO5F_POKEMON_REPORT3

	def_warps_to SILPH_CO_5F


-- MAP HEADER --

	map_header SilphCo5F, SILPH_CO_5F, FACILITY, 0
	end_map_header


-- MAP TEXT --

_SilphCo5FSilphWorkerMThatsYouRightText::
	text "TEAM ROCKET is"
	line "in an uproar over"
	cont "some intruder."
	cont "That's you right?"
	done

_SilphCo5FSilphWorkerMYoureOurHeroText::
	text "TEAM ROCKET took"
	line "off! You're our"
	cont "hero! Thank you!"
	done

_SilphCo5FRocket1BattleText::
	text "I heard a kid was"
	line "wandering around."
	done

_SilphCo5FRocket1EndBattleText::
	text "Boom!"
	prompt

_SilphCo5FRocket1AfterBattleText::
	text "It's not smart"
	line "to pick a fight"
	cont "with TEAM ROCKET!"
	done

_SilphCo5FScientistBattleText::
	text "We study #"
	line "BALL technology"
	cont "on this floor!"
	done

_SilphCo5FScientistEndBattleText::
	text "Dang!"
	line "Blast it!"
	prompt

_SilphCo5FScientistAfterBattleText::
	text "We worked on the"
	line "ultimate #"
	cont "BALL which would"
	cont "catch anything!"
	done

_SilphCo5FRockerBattleText::
	text "Whaaat? There"
	line "shouldn't be any"
	cont "children here?"
	done


-- MAP SCRIPT --

SilphCo5F_Script:
	call SilphCo5FGateCallbackScript
	call EnableAutoTextBoxDrawing
	ld hl, SilphCo5TrainerHeaders
	ld de, SilphCo5F_ScriptPointers
	ld a, [wSilphCo5FCurScript]
	call ExecuteCurMapScriptInTable
	ld [wSilphCo5FCurScript], a
	ret

SilphCo5FGateCallbackScript:
	ld hl, wCurrentMapScriptFlags
	bit 5, [hl]
	res 5, [hl]
	ret z
	ld hl, .GateCoordinates
	call SilphCo4F_SetCardKeyDoorYScript
	call SilphCo5F_SetUnlockedSilphCoDoorsScript
	CheckEvent EVENT_SILPH_CO_5_UNLOCKED_DOOR1
	jr nz, .unlock_door1
	push af
	ld a, $5f
	ld [wNewTileBlockID], a
	lb bc, 2, 3
	predef ReplaceTileBlock
	pop af
.unlock_door1
	CheckEventAfterBranchReuseA EVENT_SILPH_CO_5_UNLOCKED_DOOR2, EVENT_SILPH_CO_5_UNLOCKED_DOOR1
	jr nz, .unlock_door2
	push af
	ld a, $5f
	ld [wNewTileBlockID], a
	lb bc, 6, 3
	predef ReplaceTileBlock
	pop af
.unlock_door2
	CheckEventAfterBranchReuseA EVENT_SILPH_CO_5_UNLOCKED_DOOR3, EVENT_SILPH_CO_5_UNLOCKED_DOOR2
	ret nz
	ld a, $5f
	ld [wNewTileBlockID], a
	lb bc, 5, 7
	predef_jump ReplaceTileBlock

.GateCoordinates:
	dbmapcoord  3,  2
	dbmapcoord  3,  6
	dbmapcoord  7,  5
	db -1 ; end

SilphCo5F_SetUnlockedSilphCoDoorsScript:
	EventFlagAddress hl, EVENT_SILPH_CO_5_UNLOCKED_DOOR1
	ldh a, [hUnlockedSilphCoDoors]
	and a
	ret z
	cp $1
	jr nz, .unlock_door1
	SetEventReuseHL EVENT_SILPH_CO_5_UNLOCKED_DOOR1
	ret
.unlock_door1
	cp $2
	jr nz, .unlock_door2
	SetEventAfterBranchReuseHL EVENT_SILPH_CO_5_UNLOCKED_DOOR2, EVENT_SILPH_CO_5_UNLOCKED_DOOR1
	ret
.unlock_door2
	SetEventAfterBranchReuseHL EVENT_SILPH_CO_5_UNLOCKED_DOOR3, EVENT_SILPH_CO_5_UNLOCKED_DOOR1
	ret

SilphCo5F_ScriptPointers:
	def_script_pointers
	dw_const CheckFightingMapTrainers,              SCRIPT_SILPHCO5F_DEFAULT
	dw_const DisplayEnemyTrainerTextAndStartBattle, SCRIPT_SILPHCO5F_START_BATTLE
	dw_const EndTrainerBattle,                      SCRIPT_SILPHCO5F_END_BATTLE

SilphCo5F_TextPointers:
	def_text_pointers
	dw_const SilphCo5FSilphWorkerMText,   TEXT_SILPHCO5F_SILPH_WORKER_M
	dw_const SilphCo5FRocket1Text,        TEXT_SILPHCO5F_ROCKET1
	dw_const SilphCo5FScientistText,      TEXT_SILPHCO5F_SCIENTIST
	dw_const SilphCo5FRockerText,         TEXT_SILPHCO5F_ROCKER
	dw_const SilphCo5FRocket2Text,        TEXT_SILPHCO5F_ROCKET2
	dw_const PickUpItemText,              TEXT_SILPHCO5F_TM_TAKE_DOWN
	dw_const PickUpItemText,              TEXT_SILPHCO5F_PROTEIN
	dw_const PickUpItemText,              TEXT_SILPHCO5F_CARD_KEY
	dw_const SilphCo5FPokemonReport1Text, TEXT_SILPHCO5F_POKEMON_REPORT1
	dw_const SilphCo5FPokemonReport2Text, TEXT_SILPHCO5F_POKEMON_REPORT2
	dw_const SilphCo5FPokemonReport3Text, TEXT_SILPHCO5F_POKEMON_REPORT3

SilphCo5TrainerHeaders:
	def_trainers 2
SilphCo5TrainerHeader0:
	trainer EVENT_BEAT_SILPH_CO_5F_TRAINER_0, 1, SilphCo5FRocket1BattleText, SilphCo5FRocket1EndBattleText, SilphCo5FRocket1AfterBattleText
SilphCo5TrainerHeader1:
	trainer EVENT_BEAT_SILPH_CO_5F_TRAINER_1, 2, SilphCo5FScientistBattleText, SilphCo5FScientistEndBattleText, SilphCo5FScientistAfterBattleText
SilphCo5TrainerHeader2:
	trainer EVENT_BEAT_SILPH_CO_5F_TRAINER_2, 4, SilphCo5FRockerBattleText, SilphCo5FRockerEndBattleText, SilphCo5FRockerAfterBattleText
SilphCo5TrainerHeader3:
	trainer EVENT_BEAT_SILPH_CO_5F_TRAINER_3, 3, SilphCo5FRocket2BattleText, SilphCo5FRocket2EndBattleText, SilphCo5FRocket2AfterBattleText
	db -1 ; end

SilphCo5FSilphWorkerMText:
	text_asm
	ld hl, .ThatsYouRightText
	ld de, .YoureOurHeroText
	call SilphCo6FBeatGiovanniPrintDEOrPrintHLScript
	jp TextScriptEnd

.ThatsYouRightText:
	text_far _SilphCo5FSilphWorkerMThatsYouRightText
	text_end

.YoureOurHeroText:
	text_far _SilphCo5FSilphWorkerMYoureOurHeroText
	text_end

SilphCo5FRocket1Text:
	text_asm
	ld hl, SilphCo5TrainerHeader0
	call TalkToTrainer
	jp TextScriptEnd

SilphCo5FRocket1BattleText:
	text_far _SilphCo5FRocket1BattleText
	text_end

SilphCo5FRocket1EndBattleText:
	text_far _SilphCo5FRocket1EndBattleText
	text_end

SilphCo5FRocket1AfterBattleText:
	text_far _SilphCo5FRocket1AfterBattleText
	text_end

SilphCo5FScientistText:
	text_asm
	ld hl, SilphCo5TrainerHeader1
	call TalkToTrainer
	jp TextScriptEnd

SilphCo5FScientistBattleText:
	text_far _SilphCo5FScientistBattleText
	text_end

SilphCo5FScientistEndBattleText:
	text_far _SilphCo5FScientistEndBattleText
	text_end

SilphCo5FScientistAfterBattleText:
	text_far _SilphCo5FScientistAfterBattleText
	text_end

SilphCo5FRockerText:
	text_asm
	ld hl, SilphCo5TrainerHeader2
	call TalkToTrainer
	jp TextScriptEnd

SilphCo5FRockerBattleText:
	text_far _SilphCo5FRockerBattleText
	text_end

SilphCo5FRockerEndBattleText:
	text_far _SilphCo5FRockerEndBattleText
	text_end

SilphCo5FRockerAfterBattleText:
	text_far _SilphCo5FRockerAfterBattleText
	text_end

SilphCo5FRocket2Text:
	text_asm
	ld hl, SilphCo5TrainerHeader3
	call TalkToTrainer
	jp TextScriptEnd

SilphCo5FRocket2BattleText:
	text_far _SilphCo5FRocket2BattleText
	text_end

SilphCo5FRocket2EndBattleText:
	text_far _SilphCo5FRocket2EndBattleText
	text_end

SilphCo5FRocket2AfterBattleText:
	text_far _SilphCo5FRocket2AfterBattleText
	text_end

SilphCo5FPokemonReport1Text:
	text_far _SilphCo5FPokemonReport1Text
	text_end

SilphCo5FPokemonReport2Text:
	text_far _SilphCo5FPokemonReport2Text
	text_end

SilphCo5FPokemonReport3Text:
	text_far _SilphCo5FPokemonReport3Text
	text_end
