-- MAP OBJECT --

	object_const_def
	const_export SILPHCO1F_LINK_RECEPTIONIST

SilphCo1F_Object:
	db $2e ; border block

	def_warp_events
	warp_event 10, 17, LAST_MAP, 6
	warp_event 11, 17, LAST_MAP, 6
	warp_event 26,  0, SILPH_CO_2F, 1
	warp_event 20,  0, SILPH_CO_ELEVATOR, 1
	warp_event 16, 10, SILPH_CO_3F, 7

	def_bg_events

	def_object_events
	object_event  4,  2, SPRITE_LINK_RECEPTIONIST, STAY, DOWN, TEXT_SILPHCO1F_LINK_RECEPTIONIST

	def_warps_to SILPH_CO_1F


-- MAP HEADER --

	map_header SilphCo1F, SILPH_CO_1F, FACILITY, 0
	end_map_header


-- MAP TEXT --

_SilphCo1FLinkReceptionistText::
	text "Welcome!"

	para "The PRESIDENT is"
	line "in the boardroom"
	cont "on 11F!"
	done


-- MAP SCRIPT --

SilphCo1F_Script:
	call EnableAutoTextBoxDrawing
	CheckEvent EVENT_BEAT_SILPH_CO_GIOVANNI
	ret z
	CheckAndSetEvent EVENT_SILPH_CO_RECEPTIONIST_AT_DESK
	ret nz
	ld a, HS_SILPH_CO_1F_RECEPTIONIST
	ld [wMissableObjectIndex], a
	predef_jump ShowObject

SilphCo1F_TextPointers:
	def_text_pointers
	dw_const SilphCo1FLinkReceptionistText, TEXT_SILPHCO1F_LINK_RECEPTIONIST

SilphCo1FLinkReceptionistText:
	text_far _SilphCo1FLinkReceptionistText
	text_end
