-- MAP OBJECT --

	object_const_def
	const_export UNDERGROUNDPATHROUTE5_LITTLE_GIRL

UndergroundPathRoute5_Object:
	db $a ; border block

	def_warp_events
	warp_event  3,  7, LAST_MAP, 4
	warp_event  4,  7, LAST_MAP, 4
	warp_event  4,  4, UNDERGROUND_PATH_NORTH_SOUTH, 1

	def_bg_events

	def_object_events
	object_event  2,  3, SPRITE_LITTLE_GIRL, STAY, NONE, TEXT_UNDERGROUNDPATHROUTE5_LITTLE_GIRL

	def_warps_to UNDERGROUND_PATH_ROUTE_5


-- MAP HEADER --

	map_header UndergroundPathRoute5, UNDERGROUND_PATH_ROUTE_5, GATE, 0
	end_map_header


-- MAP SCRIPT --

UndergroundPathRoute5_Script:
	ld a, ROUTE_5
	ld [wLastMap], a
	ret

UndergroundPathEntranceRoute5_TextScriptEndingText:
	text_end

UndergroundPathRoute5_TextPointers:
	def_text_pointers
	dw_const UndergroundPathRoute5LittleGirlText, TEXT_UNDERGROUNDPATHROUTE5_LITTLE_GIRL

UndergroundPathRoute5LittleGirlText:
	text_asm
	ld a, TRADE_FOR_SPOT
	ld [wWhichTrade], a
	predef DoInGameTradeDialogue
	ld hl, UndergroundPathEntranceRoute5_TextScriptEndingText
	ret
