-- MAP OBJECT --

	object_const_def
	const_export VERMILIONPOKECENTER_NURSE
	const_export VERMILIONPOKECENTER_FISHING_GURU
	const_export VERMILIONPOKECENTER_SAILOR
	const_export VERMILIONPOKECENTER_LINK_RECEPTIONIST

VermilionPokecenter_Object:
	db $0 ; border block

	def_warp_events
	warp_event  3,  7, LAST_MAP, 1
	warp_event  4,  7, LAST_MAP, 1

	def_bg_events

	def_object_events
	object_event  3,  1, SPRITE_NURSE, STAY, DOWN, TEXT_VERMILIONPOKECENTER_NURSE
	object_event 10,  5, SPRITE_FISHING_GURU, STAY, NONE, TEXT_VERMILIONPOKECENTER_FISHING_GURU
	object_event  5,  4, SPRITE_SAILOR, STAY, NONE, TEXT_VERMILIONPOKECENTER_SAILOR
	object_event 11,  2, SPRITE_LINK_RECEPTIONIST, STAY, DOWN, TEXT_VERMILIONPOKECENTER_LINK_RECEPTIONIST

	def_warps_to VERMILION_POKECENTER


-- MAP HEADER --

	map_header VermilionPokecenter, VERMILION_POKECENTER, POKECENTER, 0
	end_map_header


-- MAP TEXT --

_VermilionPokecenterFishingGuruText::
	text "Even if they are"
	line "the same level,"
	cont "#MON can have"
	cont "very different"
	cont "abilities."

	para "A #MON raised"
	line "by a trainer is"
	cont "stronger than one"
	cont "in the wild."
	done

_VermilionPokecenterSailorText::
	text "My #MON was"
	line "poisoned! It"
	cont "fainted while we"
	cont "were walking!"
	done


-- MAP SCRIPT --

VermilionPokecenter_Script:
	call Serial_TryEstablishingExternallyClockedConnection
	jp EnableAutoTextBoxDrawing

VermilionPokecenter_TextPointers:
	def_text_pointers
	dw_const VermilionPokecenterNurseText,            TEXT_VERMILIONPOKECENTER_NURSE
	dw_const VermilionPokecenterFishingGuruText,      TEXT_VERMILIONPOKECENTER_FISHING_GURU
	dw_const VermilionPokecenterSailorText,           TEXT_VERMILIONPOKECENTER_SAILOR
	dw_const VermilionPokecenterLinkReceptionistText, TEXT_VERMILIONPOKECENTER_LINK_RECEPTIONIST

VermilionPokecenterNurseText:
	script_pokecenter_nurse

VermilionPokecenterFishingGuruText:
	text_far _VermilionPokecenterFishingGuruText
	text_end

VermilionPokecenterSailorText:
	text_far _VermilionPokecenterSailorText
	text_end

VermilionPokecenterLinkReceptionistText:
	script_cable_club_receptionist
