-- MAP OBJECT --

	object_const_def
	const_export VIRIDIANPOKECENTER_NURSE
	const_export VIRIDIANPOKECENTER_GENTLEMAN
	const_export VIRIDIANPOKECENTER_COOLTRAINER_M
	const_export VIRIDIANPOKECENTER_LINK_RECEPTIONIST

ViridianPokecenter_Object:
	db $0 ; border block

	def_warp_events
	warp_event  3,  7, LAST_MAP, 1
	warp_event  4,  7, LAST_MAP, 1

	def_bg_events

	def_object_events
	object_event  3,  1, SPRITE_NURSE, STAY, DOWN, TEXT_VIRIDIANPOKECENTER_NURSE
	object_event 10,  5, SPRITE_GENTLEMAN, WALK, UP_DOWN, TEXT_VIRIDIANPOKECENTER_GENTLEMAN
	object_event  4,  3, SPRITE_COOLTRAINER_M, STAY, NONE, TEXT_VIRIDIANPOKECENTER_COOLTRAINER_M
	object_event 11,  2, SPRITE_LINK_RECEPTIONIST, STAY, DOWN, TEXT_VIRIDIANPOKECENTER_LINK_RECEPTIONIST

	def_warps_to VIRIDIAN_POKECENTER


-- MAP HEADER --

	map_header ViridianPokecenter, VIRIDIAN_POKECENTER, POKECENTER, 0
	end_map_header


-- MAP TEXT --

_ViridianPokecenterGentlemanText::
	text "You can use that"
	line "PC in the corner."

	para "The receptionist"
	line "told me. So kind!"
	done

_ViridianPokecenterCooltrainerMText::
	text "There's a #MON"
	line "CENTER in every"
	cont "town ahead."

	para "They don't charge"
	line "any money either!"
	done


-- MAP SCRIPT --

ViridianPokecenter_Script:
	call Serial_TryEstablishingExternallyClockedConnection
	jp EnableAutoTextBoxDrawing

ViridianPokecenter_TextPointers:
	def_text_pointers
	dw_const ViridianPokecenterNurseText,            TEXT_VIRIDIANPOKECENTER_NURSE
	dw_const ViridianPokecenterGentlemanText,        TEXT_VIRIDIANPOKECENTER_GENTLEMAN
	dw_const ViridianPokecenterCooltrainerMText,     TEXT_VIRIDIANPOKECENTER_COOLTRAINER_M
	dw_const ViridianPokecenterLinkReceptionistText, TEXT_VIRIDIANPOKECENTER_LINK_RECEPTIONIST

ViridianPokecenterNurseText:
	script_pokecenter_nurse

ViridianPokecenterGentlemanText:
	text_far _ViridianPokecenterGentlemanText
	text_end

ViridianPokecenterCooltrainerMText:
	text_far _ViridianPokecenterCooltrainerMText
	text_end

ViridianPokecenterLinkReceptionistText:
	script_cable_club_receptionist
