-- MAP OBJECT --

	object_const_def
	const_export VIRIDIANSCHOOLHOUSE_BRUNETTE_GIRL
	const_export VIRIDIANSCHOOLHOUSE_COOLTRAINER_F

ViridianSchoolHouse_Object:
	db $a ; border block

	def_warp_events
	warp_event  2,  7, LAST_MAP, 3
	warp_event  3,  7, LAST_MAP, 3

	def_bg_events

	def_object_events
	object_event  3,  5, SPRITE_BRUNETTE_GIRL, STAY, UP, TEXT_VIRIDIANSCHOOLHOUSE_BRUNETTE_GIRL
	object_event  4,  1, SPRITE_COOLTRAINER_F, STAY, DOWN, TEXT_VIRIDIANSCHOOLHOUSE_COOLTRAINER_F

	def_warps_to VIRIDIAN_SCHOOL_HOUSE


-- MAP HEADER --

	map_header ViridianSchoolHouse, VIRIDIAN_SCHOOL_HOUSE, HOUSE, 0
	end_map_header


-- MAP TEXT --

_ViridianSchoolHouseBrunetteGirlText::
	text "Whew! I'm trying"
	line "to memorize all"
	cont "my notes."
	done

_ViridianSchoolHouseCooltrainerFText::
	text "Okay!"

	para "Be sure to read"
	line "the blackboard"
	cont "carefully!"
	done


-- MAP SCRIPT --

ViridianSchoolHouse_Script:
	jp EnableAutoTextBoxDrawing

ViridianSchoolHouse_TextPointers:
	def_text_pointers
	dw_const ViridianSchoolHouseBrunetteGirlText, TEXT_VIRIDIANSCHOOLHOUSE_BRUNETTE_GIRL
	dw_const ViridianSchoolHouseCooltrainerFText, TEXT_VIRIDIANSCHOOLHOUSE_COOLTRAINER_F

ViridianSchoolHouseBrunetteGirlText:
	text_far _ViridianSchoolHouseBrunetteGirlText
	text_end

ViridianSchoolHouseCooltrainerFText:
	text_far _ViridianSchoolHouseCooltrainerFText
	text_end
